Archive member included because of file (symbol)

.\CortexM3\ARM_GCC_441\Debug\FinalProject.a(AMux_1.o)
                              .\CortexM3\ARM_GCC_441\Debug\main.o (AMux_1_Start)
.\CortexM3\ARM_GCC_441\Debug\FinalProject.a(ADC_SAR_1.o)
                              .\CortexM3\ARM_GCC_441\Debug\main.o (ADC_SAR_1_Start)
.\CortexM3\ARM_GCC_441\Debug\FinalProject.a(ADC_SAR_1_INT.o)
                              .\CortexM3\ARM_GCC_441\Debug\FinalProject.a(ADC_SAR_1.o) (ADC_SAR_1_ISR)
.\CortexM3\ARM_GCC_441\Debug\FinalProject.a(LCD_Char_1.o)
                              .\CortexM3\ARM_GCC_441\Debug\main.o (LCD_Char_1_WriteControl)
.\CortexM3\ARM_GCC_441\Debug\FinalProject.a(VDAC8_1.o)
                              .\CortexM3\ARM_GCC_441\Debug\main.o (VDAC8_1_Start)
.\CortexM3\ARM_GCC_441\Debug\FinalProject.a(ADC_SAR_1_theACLK.o)
                              .\CortexM3\ARM_GCC_441\Debug\FinalProject.a(ADC_SAR_1.o) (ADC_SAR_1_theACLK_SetModeRegister)
.\CortexM3\ARM_GCC_441\Debug\FinalProject.a(CyBootAsmGnu.o)
                              .\CortexM3\ARM_GCC_441\Debug\FinalProject.a(ADC_SAR_1.o) (CyEnterCriticalSection)
.\CortexM3\ARM_GCC_441\Debug\FinalProject.a(CyLib.o)
                              .\CortexM3\ARM_GCC_441\Debug\Cm3Start.o (CyResetStatus)
.\CortexM3\ARM_GCC_441\Debug\FinalProject.a(cyPm.o)
                              .\CortexM3\ARM_GCC_441\Debug\FinalProject.a(CyLib.o) (CyPmReadStatus)
.\CortexM3\ARM_GCC_441\Debug\FinalProject.a(Counter_1.o)
                              .\CortexM3\ARM_GCC_441\Debug\main.o (Counter_1_ClearFIFO)
.\CortexM3\ARM_GCC_441\Debug\FinalProject.a(Control_Reg_1.o)
                              .\CortexM3\ARM_GCC_441\Debug\main.o (Control_Reg_1_Write)
.\CortexM3\ARM_GCC_441\Debug\FinalProject.a(cyfitter_cfg.o)
                              .\CortexM3\ARM_GCC_441\Debug\FinalProject.a(AMux_1.o) (AMux_1_Set)
.\CortexM3\ARM_GCC_441\Debug\FinalProject.a(CyFlash.o)
                              .\CortexM3\ARM_GCC_441\Debug\FinalProject.a(cyPm.o) (CyFlash_SetWaitCycles)
.\CortexM3\ARM_GCC_441\Debug\FinalProject.a(CySpc.o)
                              .\CortexM3\ARM_GCC_441\Debug\FinalProject.a(CyFlash.o) (CySpcStart)
c:/program files (x86)/cypress/psoc creator/2.2/psoc creator/import/gnu_cs/arm/4.4.1/bin/../lib/gcc/arm-none-eabi/4.4.1/../../../../arm-none-eabi/lib/thumb2\libm.a(lib_a-s_atan.o)
                              .\CortexM3\ARM_GCC_441\Debug\main.o (atan)
c:/program files (x86)/cypress/psoc creator/2.2/psoc creator/import/gnu_cs/arm/4.4.1/bin/../lib/gcc/arm-none-eabi/4.4.1/../../../../arm-none-eabi/lib/thumb2\libm.a(lib_a-s_fabs.o)
                              c:/program files (x86)/cypress/psoc creator/2.2/psoc creator/import/gnu_cs/arm/4.4.1/bin/../lib/gcc/arm-none-eabi/4.4.1/../../../../arm-none-eabi/lib/thumb2\libm.a(lib_a-s_atan.o) (fabs)
c:/program files (x86)/cypress/psoc creator/2.2/psoc creator/import/gnu_cs/arm/4.4.1/bin/../lib/gcc/arm-none-eabi/4.4.1/thumb2\libgcc.a(_arm_addsubdf3.o)
                              c:/program files (x86)/cypress/psoc creator/2.2/psoc creator/import/gnu_cs/arm/4.4.1/bin/../lib/gcc/arm-none-eabi/4.4.1/../../../../arm-none-eabi/lib/thumb2\libm.a(lib_a-s_atan.o) (__aeabi_dsub)
c:/program files (x86)/cypress/psoc creator/2.2/psoc creator/import/gnu_cs/arm/4.4.1/bin/../lib/gcc/arm-none-eabi/4.4.1/thumb2\libgcc.a(_arm_muldivdf3.o)
                              .\CortexM3\ARM_GCC_441\Debug\main.o (__aeabi_dmul)
c:/program files (x86)/cypress/psoc creator/2.2/psoc creator/import/gnu_cs/arm/4.4.1/bin/../lib/gcc/arm-none-eabi/4.4.1/thumb2\libgcc.a(_arm_cmpdf2.o)
                              c:/program files (x86)/cypress/psoc creator/2.2/psoc creator/import/gnu_cs/arm/4.4.1/bin/../lib/gcc/arm-none-eabi/4.4.1/../../../../arm-none-eabi/lib/thumb2\libm.a(lib_a-s_atan.o) (__aeabi_dcmpgt)
c:/program files (x86)/cypress/psoc creator/2.2/psoc creator/import/gnu_cs/arm/4.4.1/bin/../lib/gcc/arm-none-eabi/4.4.1/thumb2\libgcc.a(_arm_truncdfsf2.o)
                              .\CortexM3\ARM_GCC_441\Debug\main.o (__aeabi_d2f)
c:/program files (x86)/cypress/psoc creator/2.2/psoc creator/import/gnu_cs/arm/4.4.1/bin/../lib/gcc/arm-none-eabi/4.4.1/thumb2\libgcc.a(_arm_addsubsf3.o)
                              .\CortexM3\ARM_GCC_441\Debug\main.o (__aeabi_fsub)
c:/program files (x86)/cypress/psoc creator/2.2/psoc creator/import/gnu_cs/arm/4.4.1/bin/../lib/gcc/arm-none-eabi/4.4.1/thumb2\libgcc.a(_arm_muldivsf3.o)
                              .\CortexM3\ARM_GCC_441\Debug\main.o (__aeabi_fmul)
c:/program files (x86)/cypress/psoc creator/2.2/psoc creator/import/gnu_cs/arm/4.4.1/bin/../lib/gcc/arm-none-eabi/4.4.1/thumb2\libgcc.a(_arm_fixunssfsi.o)
                              .\CortexM3\ARM_GCC_441\Debug\main.o (__aeabi_f2uiz)
c:/program files (x86)/cypress/psoc creator/2.2/psoc creator/import/gnu_cs/arm/4.4.1/bin/../lib/gcc/arm-none-eabi/4.4.1/../../../../arm-none-eabi/lib/thumb2\libc.a(lib_a-memcpy.o)
                              .\CortexM3\ARM_GCC_441\Debug\FinalProject.a(cyPm.o) (memcpy)
c:/program files (x86)/cypress/psoc creator/2.2/psoc creator/import/gnu_cs/arm/4.4.1/bin/../lib/gcc/arm-none-eabi/4.4.1/../../../../arm-none-eabi/lib/thumb2\libc.a(lib_a-memset.o)
                              .\CortexM3\ARM_GCC_441\Debug\main.o (memset)
c:/program files (x86)/cypress/psoc creator/2.2/psoc creator/import/gnu_cs/arm/4.4.1/bin/../lib/gcc/arm-none-eabi/4.4.1/../../../../arm-none-eabi/lib/thumb2\libcs3.a(start_c.o)
                              (__cs3_start_c)
c:/program files (x86)/cypress/psoc creator/2.2/psoc creator/import/gnu_cs/arm/4.4.1/bin/../lib/gcc/arm-none-eabi/4.4.1/../../../../arm-none-eabi/lib/thumb2\libcs3micro.a(micro_isr_interrupt.o)
                              (__cs3_isr_nmi)
c:/program files (x86)/cypress/psoc creator/2.2/psoc creator/import/gnu_cs/arm/4.4.1/bin/../lib/gcc/arm-none-eabi/4.4.1/../../../../arm-none-eabi/lib/thumb2\libc.a(lib_a-init.o)
                              c:/program files (x86)/cypress/psoc creator/2.2/psoc creator/import/gnu_cs/arm/4.4.1/bin/../lib/gcc/arm-none-eabi/4.4.1/../../../../arm-none-eabi/lib/thumb2\libcs3.a(start_c.o) (__libc_init_array)

Allocating common symbols
Common symbol       size              file

ADC_SAR_1_countsPerVolt
                    0x2               .\CortexM3\ARM_GCC_441\Debug\FinalProject.a(ADC_SAR_1.o)
ADC_SAR_1_shift     0x2               .\CortexM3\ARM_GCC_441\Debug\FinalProject.a(ADC_SAR_1.o)
CyResetStatus       0x1               .\CortexM3\ARM_GCC_441\Debug\FinalProject.a(CyLib.o)
dieTemperature      0x2               .\CortexM3\ARM_GCC_441\Debug\FinalProject.a(CyFlash.o)
ADC_SAR_1_offset    0x2               .\CortexM3\ARM_GCC_441\Debug\FinalProject.a(ADC_SAR_1.o)
sample              0x1               .\CortexM3\ARM_GCC_441\Debug\main.o
counts              0x8               .\CortexM3\ARM_GCC_441\Debug\main.o

Discarded input sections

 .text          0x00000000        0x0 c:/program files (x86)/cypress/psoc creator/2.2/psoc creator/import/gnu_cs/arm/4.4.1/bin/../lib/gcc/arm-none-eabi/4.4.1/thumb2/crti.o
 .data          0x00000000        0x0 c:/program files (x86)/cypress/psoc creator/2.2/psoc creator/import/gnu_cs/arm/4.4.1/bin/../lib/gcc/arm-none-eabi/4.4.1/thumb2/crti.o
 .bss           0x00000000        0x0 c:/program files (x86)/cypress/psoc creator/2.2/psoc creator/import/gnu_cs/arm/4.4.1/bin/../lib/gcc/arm-none-eabi/4.4.1/thumb2/crti.o
 .data          0x00000000        0x4 c:/program files (x86)/cypress/psoc creator/2.2/psoc creator/import/gnu_cs/arm/4.4.1/bin/../lib/gcc/arm-none-eabi/4.4.1/thumb2/crtbegin.o
 .text          0x00000000        0x0 .\CortexM3\ARM_GCC_441\Debug\main.o
 .data          0x00000000        0x0 .\CortexM3\ARM_GCC_441\Debug\main.o
 .text          0x00000000        0x0 .\CortexM3\ARM_GCC_441\Debug\Cm3Start.o
 .data          0x00000000        0x0 .\CortexM3\ARM_GCC_441\Debug\Cm3Start.o
 .bss           0x00000000        0x0 .\CortexM3\ARM_GCC_441\Debug\Cm3Start.o
 .text          0x00000000        0x0 .\CortexM3\ARM_GCC_441\Debug\FinalProject.a(AMux_1.o)
 .bss           0x00000000        0x0 .\CortexM3\ARM_GCC_441\Debug\FinalProject.a(AMux_1.o)
 .text.AMux_1_DisconnectAll
                0x00000000       0x34 .\CortexM3\ARM_GCC_441\Debug\FinalProject.a(AMux_1.o)
 .text          0x00000000        0x0 .\CortexM3\ARM_GCC_441\Debug\FinalProject.a(ADC_SAR_1.o)
 .data          0x00000000        0x0 .\CortexM3\ARM_GCC_441\Debug\FinalProject.a(ADC_SAR_1.o)
 .text.ADC_SAR_1_Stop
                0x00000000       0xdc .\CortexM3\ARM_GCC_441\Debug\FinalProject.a(ADC_SAR_1.o)
 .text.ADC_SAR_1_SetPower
                0x00000000       0x4c .\CortexM3\ARM_GCC_441\Debug\FinalProject.a(ADC_SAR_1.o)
 .text.ADC_SAR_1_StopConvert
                0x00000000       0x24 .\CortexM3\ARM_GCC_441\Debug\FinalProject.a(ADC_SAR_1.o)
 .text.ADC_SAR_1_GetResult16
                0x00000000       0x5c .\CortexM3\ARM_GCC_441\Debug\FinalProject.a(ADC_SAR_1.o)
 .text.ADC_SAR_1_SetOffset
                0x00000000       0x20 .\CortexM3\ARM_GCC_441\Debug\FinalProject.a(ADC_SAR_1.o)
 .text.ADC_SAR_1_SetGain
                0x00000000       0x20 .\CortexM3\ARM_GCC_441\Debug\FinalProject.a(ADC_SAR_1.o)
 .text.ADC_SAR_1_CountsTo_mVolts
                0x00000000       0x54 .\CortexM3\ARM_GCC_441\Debug\FinalProject.a(ADC_SAR_1.o)
 .text.ADC_SAR_1_CountsTo_uVolts
                0x00000000       0x58 .\CortexM3\ARM_GCC_441\Debug\FinalProject.a(ADC_SAR_1.o)
 .text.ADC_SAR_1_CountsTo_Volts
                0x00000000       0x5c .\CortexM3\ARM_GCC_441\Debug\FinalProject.a(ADC_SAR_1.o)
 .text          0x00000000        0x0 .\CortexM3\ARM_GCC_441\Debug\FinalProject.a(ADC_SAR_1_INT.o)
 .data          0x00000000        0x0 .\CortexM3\ARM_GCC_441\Debug\FinalProject.a(ADC_SAR_1_INT.o)
 .bss           0x00000000        0x0 .\CortexM3\ARM_GCC_441\Debug\FinalProject.a(ADC_SAR_1_INT.o)
 .text          0x00000000        0x0 .\CortexM3\ARM_GCC_441\Debug\FinalProject.a(LCD_Char_1.o)
 .data          0x00000000        0x0 .\CortexM3\ARM_GCC_441\Debug\FinalProject.a(LCD_Char_1.o)
 .text.LCD_Char_1_Stop
                0x00000000       0x1c .\CortexM3\ARM_GCC_441\Debug\FinalProject.a(LCD_Char_1.o)
 .text.LCD_Char_1_PutChar
                0x00000000       0x1c .\CortexM3\ARM_GCC_441\Debug\FinalProject.a(LCD_Char_1.o)
 .text.LCD_Char_1_PrintInt8
                0x00000000       0x44 .\CortexM3\ARM_GCC_441\Debug\FinalProject.a(LCD_Char_1.o)
 .text.LCD_Char_1_PrintInt16
                0x00000000       0x2c .\CortexM3\ARM_GCC_441\Debug\FinalProject.a(LCD_Char_1.o)
 .rodata        0x00000000       0x10 .\CortexM3\ARM_GCC_441\Debug\FinalProject.a(LCD_Char_1.o)
 .text          0x00000000        0x0 .\CortexM3\ARM_GCC_441\Debug\FinalProject.a(VDAC8_1.o)
 .data          0x00000000        0x0 .\CortexM3\ARM_GCC_441\Debug\FinalProject.a(VDAC8_1.o)
 .text.VDAC8_1_Stop
                0x00000000       0x70 .\CortexM3\ARM_GCC_441\Debug\FinalProject.a(VDAC8_1.o)
 .text          0x00000000        0x0 .\CortexM3\ARM_GCC_441\Debug\FinalProject.a(ADC_SAR_1_theACLK.o)
 .data          0x00000000        0x0 .\CortexM3\ARM_GCC_441\Debug\FinalProject.a(ADC_SAR_1_theACLK.o)
 .bss           0x00000000        0x0 .\CortexM3\ARM_GCC_441\Debug\FinalProject.a(ADC_SAR_1_theACLK.o)
 .text.ADC_SAR_1_theACLK_Start
                0x00000000       0x44 .\CortexM3\ARM_GCC_441\Debug\FinalProject.a(ADC_SAR_1_theACLK.o)
 .text.ADC_SAR_1_theACLK_Stop
                0x00000000       0x40 .\CortexM3\ARM_GCC_441\Debug\FinalProject.a(ADC_SAR_1_theACLK.o)
 .text.ADC_SAR_1_theACLK_StandbyPower
                0x00000000       0x54 .\CortexM3\ARM_GCC_441\Debug\FinalProject.a(ADC_SAR_1_theACLK.o)
 .text.ADC_SAR_1_theACLK_SetDividerRegister
                0x00000000      0x1a8 .\CortexM3\ARM_GCC_441\Debug\FinalProject.a(ADC_SAR_1_theACLK.o)
 .text.ADC_SAR_1_theACLK_GetDividerRegister
                0x00000000       0x18 .\CortexM3\ARM_GCC_441\Debug\FinalProject.a(ADC_SAR_1_theACLK.o)
 .text.ADC_SAR_1_theACLK_ClearModeRegister
                0x00000000       0x40 .\CortexM3\ARM_GCC_441\Debug\FinalProject.a(ADC_SAR_1_theACLK.o)
 .text.ADC_SAR_1_theACLK_GetModeRegister
                0x00000000       0x1c .\CortexM3\ARM_GCC_441\Debug\FinalProject.a(ADC_SAR_1_theACLK.o)
 .text.ADC_SAR_1_theACLK_SetSourceRegister
                0x00000000      0x100 .\CortexM3\ARM_GCC_441\Debug\FinalProject.a(ADC_SAR_1_theACLK.o)
 .text.ADC_SAR_1_theACLK_GetSourceRegister
                0x00000000       0x1c .\CortexM3\ARM_GCC_441\Debug\FinalProject.a(ADC_SAR_1_theACLK.o)
 .text.ADC_SAR_1_theACLK_SetPhaseRegister
                0x00000000       0x24 .\CortexM3\ARM_GCC_441\Debug\FinalProject.a(ADC_SAR_1_theACLK.o)
 .text.ADC_SAR_1_theACLK_GetPhaseRegister
                0x00000000       0x1c .\CortexM3\ARM_GCC_441\Debug\FinalProject.a(ADC_SAR_1_theACLK.o)
 .data          0x00000000        0x0 .\CortexM3\ARM_GCC_441\Debug\FinalProject.a(CyBootAsmGnu.o)
 .bss           0x00000000        0x0 .\CortexM3\ARM_GCC_441\Debug\FinalProject.a(CyBootAsmGnu.o)
 .text          0x00000000        0x0 .\CortexM3\ARM_GCC_441\Debug\FinalProject.a(CyLib.o)
 .bss           0x00000000        0x0 .\CortexM3\ARM_GCC_441\Debug\FinalProject.a(CyLib.o)
 .text.CyPLL_OUT_Start
                0x00000000       0xdc .\CortexM3\ARM_GCC_441\Debug\FinalProject.a(CyLib.o)
 .text.CyPLL_OUT_Stop
                0x00000000       0x24 .\CortexM3\ARM_GCC_441\Debug\FinalProject.a(CyLib.o)
 .text.CyPLL_OUT_SetPQ
                0x00000000       0xac .\CortexM3\ARM_GCC_441\Debug\FinalProject.a(CyLib.o)
 .text.CyPLL_OUT_SetSource
                0x00000000       0x64 .\CortexM3\ARM_GCC_441\Debug\FinalProject.a(CyLib.o)
 .text.CyIMO_Start
                0x00000000       0xd0 .\CortexM3\ARM_GCC_441\Debug\FinalProject.a(CyLib.o)
 .text.CyIMO_Stop
                0x00000000       0x24 .\CortexM3\ARM_GCC_441\Debug\FinalProject.a(CyLib.o)
 .text.CyUSB_PowerOnCheck
                0x00000000       0x74 .\CortexM3\ARM_GCC_441\Debug\FinalProject.a(CyLib.o)
 .text.CyIMO_SetTrimValue
                0x00000000      0x12c .\CortexM3\ARM_GCC_441\Debug\FinalProject.a(CyLib.o)
 .text.CyIMO_SetFreq
                0x00000000      0x1b4 .\CortexM3\ARM_GCC_441\Debug\FinalProject.a(CyLib.o)
 .text.CyIMO_SetSource
                0x00000000       0xb8 .\CortexM3\ARM_GCC_441\Debug\FinalProject.a(CyLib.o)
 .text.CyIMO_EnableDoubler
                0x00000000       0x28 .\CortexM3\ARM_GCC_441\Debug\FinalProject.a(CyLib.o)
 .text.CyIMO_DisableDoubler
                0x00000000       0x24 .\CortexM3\ARM_GCC_441\Debug\FinalProject.a(CyLib.o)
 .text.CyMasterClk_SetSource
                0x00000000       0x70 .\CortexM3\ARM_GCC_441\Debug\FinalProject.a(CyLib.o)
 .text.CyMasterClk_SetDivider
                0x00000000       0x20 .\CortexM3\ARM_GCC_441\Debug\FinalProject.a(CyLib.o)
 .text.CyBusClk_Internal_SetDivider
                0x00000000       0x9c .\CortexM3\ARM_GCC_441\Debug\FinalProject.a(CyLib.o)
 .text.CyBusClk_SetDivider
                0x00000000       0xcc .\CortexM3\ARM_GCC_441\Debug\FinalProject.a(CyLib.o)
 .text.CyUsbClk_SetSource
                0x00000000       0x3c .\CortexM3\ARM_GCC_441\Debug\FinalProject.a(CyLib.o)
 .text.CyILO_Start1K
                0x00000000       0x28 .\CortexM3\ARM_GCC_441\Debug\FinalProject.a(CyLib.o)
 .text.CyILO_Stop1K
                0x00000000       0x24 .\CortexM3\ARM_GCC_441\Debug\FinalProject.a(CyLib.o)
 .text.CyILO_Start100K
                0x00000000       0x28 .\CortexM3\ARM_GCC_441\Debug\FinalProject.a(CyLib.o)
 .text.CyILO_Stop100K
                0x00000000       0x24 .\CortexM3\ARM_GCC_441\Debug\FinalProject.a(CyLib.o)
 .text.CyILO_Enable33K
                0x00000000       0x28 .\CortexM3\ARM_GCC_441\Debug\FinalProject.a(CyLib.o)
 .text.CyILO_Disable33K
                0x00000000       0x24 .\CortexM3\ARM_GCC_441\Debug\FinalProject.a(CyLib.o)
 .text.CyILO_SetSource
                0x00000000       0x44 .\CortexM3\ARM_GCC_441\Debug\FinalProject.a(CyLib.o)
 .text.CyILO_SetPowerMode
                0x00000000       0x58 .\CortexM3\ARM_GCC_441\Debug\FinalProject.a(CyLib.o)
 .text.CyXTAL_32KHZ_Start
                0x00000000       0xa4 .\CortexM3\ARM_GCC_441\Debug\FinalProject.a(CyLib.o)
 .text.CyXTAL_32KHZ_Stop
                0x00000000       0x60 .\CortexM3\ARM_GCC_441\Debug\FinalProject.a(CyLib.o)
 .text.CyXTAL_32KHZ_ReadStatus
                0x00000000       0x1c .\CortexM3\ARM_GCC_441\Debug\FinalProject.a(CyLib.o)
 .text.CyXTAL_32KHZ_SetPowerMode
                0x00000000       0xf8 .\CortexM3\ARM_GCC_441\Debug\FinalProject.a(CyLib.o)
 .text.CyXTAL_Start
                0x00000000       0xe4 .\CortexM3\ARM_GCC_441\Debug\FinalProject.a(CyLib.o)
 .text.CyXTAL_Stop
                0x00000000       0x24 .\CortexM3\ARM_GCC_441\Debug\FinalProject.a(CyLib.o)
 .text.CyXTAL_SetStartup
                0x00000000       0x3c .\CortexM3\ARM_GCC_441\Debug\FinalProject.a(CyLib.o)
 .text.CySoftwareReset
                0x00000000       0x18 .\CortexM3\ARM_GCC_441\Debug\FinalProject.a(CyLib.o)
 .text.CyDelayFreq
                0x00000000       0xac .\CortexM3\ARM_GCC_441\Debug\FinalProject.a(CyLib.o)
 .text.CyWdtStart
                0x00000000       0x98 .\CortexM3\ARM_GCC_441\Debug\FinalProject.a(CyLib.o)
 .text.CyWdtClear
                0x00000000       0x44 .\CortexM3\ARM_GCC_441\Debug\FinalProject.a(CyLib.o)
 .text.CyVdLvDigitEnable
                0x00000000       0x94 .\CortexM3\ARM_GCC_441\Debug\FinalProject.a(CyLib.o)
 .text.CyVdLvAnalogEnable
                0x00000000       0x98 .\CortexM3\ARM_GCC_441\Debug\FinalProject.a(CyLib.o)
 .text.CyVdLvDigitDisable
                0x00000000       0x38 .\CortexM3\ARM_GCC_441\Debug\FinalProject.a(CyLib.o)
 .text.CyVdLvAnalogDisable
                0x00000000       0x38 .\CortexM3\ARM_GCC_441\Debug\FinalProject.a(CyLib.o)
 .text.CyVdHvAnalogEnable
                0x00000000       0x60 .\CortexM3\ARM_GCC_441\Debug\FinalProject.a(CyLib.o)
 .text.CyVdHvAnalogDisable
                0x00000000       0x24 .\CortexM3\ARM_GCC_441\Debug\FinalProject.a(CyLib.o)
 .text.CyVdStickyStatus
                0x00000000       0x48 .\CortexM3\ARM_GCC_441\Debug\FinalProject.a(CyLib.o)
 .text.CyVdRealTimeStatus
                0x00000000       0x30 .\CortexM3\ARM_GCC_441\Debug\FinalProject.a(CyLib.o)
 .text.CyDisableInts
                0x00000000       0x3c .\CortexM3\ARM_GCC_441\Debug\FinalProject.a(CyLib.o)
 .text.CyEnableInts
                0x00000000       0x2c .\CortexM3\ARM_GCC_441\Debug\FinalProject.a(CyLib.o)
 .text.CyFlushCache
                0x00000000       0x7c .\CortexM3\ARM_GCC_441\Debug\FinalProject.a(CyLib.o)
 .text.CyIntSetSysVector
                0x00000000       0x58 .\CortexM3\ARM_GCC_441\Debug\FinalProject.a(CyLib.o)
 .text.CyIntGetSysVector
                0x00000000       0x40 .\CortexM3\ARM_GCC_441\Debug\FinalProject.a(CyLib.o)
 .text.CyIntGetVector
                0x00000000       0x44 .\CortexM3\ARM_GCC_441\Debug\FinalProject.a(CyLib.o)
 .text.CyIntGetPriority
                0x00000000       0x3c .\CortexM3\ARM_GCC_441\Debug\FinalProject.a(CyLib.o)
 .text.CyIntGetState
                0x00000000       0x40 .\CortexM3\ARM_GCC_441\Debug\FinalProject.a(CyLib.o)
 .text          0x00000000        0x0 .\CortexM3\ARM_GCC_441\Debug\FinalProject.a(cyPm.o)
 .data          0x00000000        0x0 .\CortexM3\ARM_GCC_441\Debug\FinalProject.a(cyPm.o)
 .bss           0x00000000       0xbc .\CortexM3\ARM_GCC_441\Debug\FinalProject.a(cyPm.o)
 .rodata        0x00000000       0x10 .\CortexM3\ARM_GCC_441\Debug\FinalProject.a(cyPm.o)
 .text.CyPmSaveClocks
                0x00000000      0x350 .\CortexM3\ARM_GCC_441\Debug\FinalProject.a(cyPm.o)
 .text.CyPmRestoreClocks
                0x00000000      0x3c0 .\CortexM3\ARM_GCC_441\Debug\FinalProject.a(cyPm.o)
 .text.CyPmAltAct
                0x00000000       0x64 .\CortexM3\ARM_GCC_441\Debug\FinalProject.a(cyPm.o)
 .text.CyPmSleep
                0x00000000      0x130 .\CortexM3\ARM_GCC_441\Debug\FinalProject.a(cyPm.o)
 .text.CyPmHibernate
                0x00000000      0x10c .\CortexM3\ARM_GCC_441\Debug\FinalProject.a(cyPm.o)
 .text.CyPmReadStatus
                0x00000000       0x7c .\CortexM3\ARM_GCC_441\Debug\FinalProject.a(cyPm.o)
 .text.CyPmHibSaveSet
                0x00000000       0x60 .\CortexM3\ARM_GCC_441\Debug\FinalProject.a(cyPm.o)
 .text.CyPmHibRestore
                0x00000000       0x38 .\CortexM3\ARM_GCC_441\Debug\FinalProject.a(cyPm.o)
 .text.CyPmCtwSetInterval
                0x00000000       0xd8 .\CortexM3\ARM_GCC_441\Debug\FinalProject.a(cyPm.o)
 .text.CyPmOppsSet
                0x00000000       0x54 .\CortexM3\ARM_GCC_441\Debug\FinalProject.a(cyPm.o)
 .text.CyPmFtwSetInterval
                0x00000000       0xdc .\CortexM3\ARM_GCC_441\Debug\FinalProject.a(cyPm.o)
 .text.CyPmSavePicuInterrupts
                0x00000000       0x4c .\CortexM3\ARM_GCC_441\Debug\FinalProject.a(cyPm.o)
 .text.CyPmDisablePicuInterrupts
                0x00000000       0x44 .\CortexM3\ARM_GCC_441\Debug\FinalProject.a(cyPm.o)
 .text.CyPmRestorePicuInterrupts
                0x00000000       0x4c .\CortexM3\ARM_GCC_441\Debug\FinalProject.a(cyPm.o)
 .text.CyPmSlpSaveSet
                0x00000000      0x130 .\CortexM3\ARM_GCC_441\Debug\FinalProject.a(cyPm.o)
 .text.CyPmSlpRestore
                0x00000000       0xa4 .\CortexM3\ARM_GCC_441\Debug\FinalProject.a(cyPm.o)
 .text.CyPmHibSlpSaveSet
                0x00000000      0xbd8 .\CortexM3\ARM_GCC_441\Debug\FinalProject.a(cyPm.o)
 .text.CyPmHibSlpRestore
                0x00000000      0x6f0 .\CortexM3\ARM_GCC_441\Debug\FinalProject.a(cyPm.o)
 .text.CyPmHviLviSaveDisable
                0x00000000      0x114 .\CortexM3\ARM_GCC_441\Debug\FinalProject.a(cyPm.o)
 .text.CyPmHviLviRestore
                0x00000000       0x7c .\CortexM3\ARM_GCC_441\Debug\FinalProject.a(cyPm.o)
 .text          0x00000000        0x0 .\CortexM3\ARM_GCC_441\Debug\FinalProject.a(Counter_1.o)
 .data          0x00000000        0x0 .\CortexM3\ARM_GCC_441\Debug\FinalProject.a(Counter_1.o)
 .text.Counter_1_Stop
                0x00000000       0x24 .\CortexM3\ARM_GCC_441\Debug\FinalProject.a(Counter_1.o)
 .text.Counter_1_ReadControlRegister
                0x00000000       0x18 .\CortexM3\ARM_GCC_441\Debug\FinalProject.a(Counter_1.o)
 .text.Counter_1_WriteControlRegister
                0x00000000       0x20 .\CortexM3\ARM_GCC_441\Debug\FinalProject.a(Counter_1.o)
 .text.Counter_1_ReadPeriod
                0x00000000       0x18 .\CortexM3\ARM_GCC_441\Debug\FinalProject.a(Counter_1.o)
 .text.Counter_1_ReadCompare
                0x00000000       0x18 .\CortexM3\ARM_GCC_441\Debug\FinalProject.a(Counter_1.o)
 .text          0x00000000        0x0 .\CortexM3\ARM_GCC_441\Debug\FinalProject.a(Control_Reg_1.o)
 .data          0x00000000        0x0 .\CortexM3\ARM_GCC_441\Debug\FinalProject.a(Control_Reg_1.o)
 .bss           0x00000000        0x0 .\CortexM3\ARM_GCC_441\Debug\FinalProject.a(Control_Reg_1.o)
 .text.Control_Reg_1_Read
                0x00000000       0x18 .\CortexM3\ARM_GCC_441\Debug\FinalProject.a(Control_Reg_1.o)
 .text          0x00000000        0x0 .\CortexM3\ARM_GCC_441\Debug\FinalProject.a(cyfitter_cfg.o)
 .data          0x00000000        0x0 .\CortexM3\ARM_GCC_441\Debug\FinalProject.a(cyfitter_cfg.o)
 .text.CYCONFIGCPY8
                0x00000000       0x48 .\CortexM3\ARM_GCC_441\Debug\FinalProject.a(cyfitter_cfg.o)
 .text.CYCONFIGCPYCODE8
                0x00000000       0x20 .\CortexM3\ARM_GCC_441\Debug\FinalProject.a(cyfitter_cfg.o)
 .text.CYCONFIGCPYCODE
                0x00000000       0x20 .\CortexM3\ARM_GCC_441\Debug\FinalProject.a(cyfitter_cfg.o)
 .text.SetAnalogRoutingPumps
                0x00000000       0x44 .\CortexM3\ARM_GCC_441\Debug\FinalProject.a(cyfitter_cfg.o)
 .text          0x00000000        0x0 .\CortexM3\ARM_GCC_441\Debug\FinalProject.a(CyFlash.o)
 .data          0x00000000        0x0 .\CortexM3\ARM_GCC_441\Debug\FinalProject.a(CyFlash.o)
 .bss           0x00000000        0x4 .\CortexM3\ARM_GCC_441\Debug\FinalProject.a(CyFlash.o)
 .text.CyFlash_Start
                0x00000000       0x50 .\CortexM3\ARM_GCC_441\Debug\FinalProject.a(CyFlash.o)
 .text.CyFlash_Stop
                0x00000000       0x40 .\CortexM3\ARM_GCC_441\Debug\FinalProject.a(CyFlash.o)
 .text.CySetTempInt
                0x00000000       0x98 .\CortexM3\ARM_GCC_441\Debug\FinalProject.a(CyFlash.o)
 .text.CySetTemp
                0x00000000       0x28 .\CortexM3\ARM_GCC_441\Debug\FinalProject.a(CyFlash.o)
 .text.CySetFlashEEBuffer
                0x00000000       0x50 .\CortexM3\ARM_GCC_441\Debug\FinalProject.a(CyFlash.o)
 .text.CyWriteRowData
                0x00000000       0xac .\CortexM3\ARM_GCC_441\Debug\FinalProject.a(CyFlash.o)
 .text.CyWriteRowFull
                0x00000000      0x124 .\CortexM3\ARM_GCC_441\Debug\FinalProject.a(CyFlash.o)
 .text.CyFlash_SetWaitCycles
                0x00000000       0xc4 .\CortexM3\ARM_GCC_441\Debug\FinalProject.a(CyFlash.o)
 .text.CyEEPROM_ReadReserve
                0x00000000       0x3c .\CortexM3\ARM_GCC_441\Debug\FinalProject.a(CyFlash.o)
 .text.CyEEPROM_ReadRelease
                0x00000000       0x20 .\CortexM3\ARM_GCC_441\Debug\FinalProject.a(CyFlash.o)
 COMMON         0x00000000        0x2 .\CortexM3\ARM_GCC_441\Debug\FinalProject.a(CyFlash.o)
 .text          0x00000000        0x0 .\CortexM3\ARM_GCC_441\Debug\FinalProject.a(CySpc.o)
 .data          0x00000000        0x0 .\CortexM3\ARM_GCC_441\Debug\FinalProject.a(CySpc.o)
 .bss           0x00000000        0x1 .\CortexM3\ARM_GCC_441\Debug\FinalProject.a(CySpc.o)
 .text.CySpcStart
                0x00000000       0x58 .\CortexM3\ARM_GCC_441\Debug\FinalProject.a(CySpc.o)
 .text.CySpcStop
                0x00000000       0x54 .\CortexM3\ARM_GCC_441\Debug\FinalProject.a(CySpc.o)
 .text.CySpcReadData
                0x00000000       0x64 .\CortexM3\ARM_GCC_441\Debug\FinalProject.a(CySpc.o)
 .text.CySpcLoadMultiByte
                0x00000000      0x118 .\CortexM3\ARM_GCC_441\Debug\FinalProject.a(CySpc.o)
 .text.CySpcLoadRow
                0x00000000       0xbc .\CortexM3\ARM_GCC_441\Debug\FinalProject.a(CySpc.o)
 .text.CySpcWriteRow
                0x00000000       0xcc .\CortexM3\ARM_GCC_441\Debug\FinalProject.a(CySpc.o)
 .text.CySpcEraseSector
                0x00000000       0x9c .\CortexM3\ARM_GCC_441\Debug\FinalProject.a(CySpc.o)
 .text.CySpcGetTemp
                0x00000000       0xc4 .\CortexM3\ARM_GCC_441\Debug\FinalProject.a(CySpc.o)
 .text.CySpcLock
                0x00000000       0x4c .\CortexM3\ARM_GCC_441\Debug\FinalProject.a(CySpc.o)
 .text.CySpcUnlock
                0x00000000       0x2c .\CortexM3\ARM_GCC_441\Debug\FinalProject.a(CySpc.o)
 .data          0x00000000        0x0 c:/program files (x86)/cypress/psoc creator/2.2/psoc creator/import/gnu_cs/arm/4.4.1/bin/../lib/gcc/arm-none-eabi/4.4.1/../../../../arm-none-eabi/lib/thumb2\libm.a(lib_a-s_atan.o)
 .bss           0x00000000        0x0 c:/program files (x86)/cypress/psoc creator/2.2/psoc creator/import/gnu_cs/arm/4.4.1/bin/../lib/gcc/arm-none-eabi/4.4.1/../../../../arm-none-eabi/lib/thumb2\libm.a(lib_a-s_atan.o)
 .data          0x00000000        0x0 c:/program files (x86)/cypress/psoc creator/2.2/psoc creator/import/gnu_cs/arm/4.4.1/bin/../lib/gcc/arm-none-eabi/4.4.1/../../../../arm-none-eabi/lib/thumb2\libm.a(lib_a-s_fabs.o)
 .bss           0x00000000        0x0 c:/program files (x86)/cypress/psoc creator/2.2/psoc creator/import/gnu_cs/arm/4.4.1/bin/../lib/gcc/arm-none-eabi/4.4.1/../../../../arm-none-eabi/lib/thumb2\libm.a(lib_a-s_fabs.o)
 .data          0x00000000        0x0 c:/program files (x86)/cypress/psoc creator/2.2/psoc creator/import/gnu_cs/arm/4.4.1/bin/../lib/gcc/arm-none-eabi/4.4.1/thumb2\libgcc.a(_arm_addsubdf3.o)
 .bss           0x00000000        0x0 c:/program files (x86)/cypress/psoc creator/2.2/psoc creator/import/gnu_cs/arm/4.4.1/bin/../lib/gcc/arm-none-eabi/4.4.1/thumb2\libgcc.a(_arm_addsubdf3.o)
 .data          0x00000000        0x0 c:/program files (x86)/cypress/psoc creator/2.2/psoc creator/import/gnu_cs/arm/4.4.1/bin/../lib/gcc/arm-none-eabi/4.4.1/thumb2\libgcc.a(_arm_muldivdf3.o)
 .bss           0x00000000        0x0 c:/program files (x86)/cypress/psoc creator/2.2/psoc creator/import/gnu_cs/arm/4.4.1/bin/../lib/gcc/arm-none-eabi/4.4.1/thumb2\libgcc.a(_arm_muldivdf3.o)
 .data          0x00000000        0x0 c:/program files (x86)/cypress/psoc creator/2.2/psoc creator/import/gnu_cs/arm/4.4.1/bin/../lib/gcc/arm-none-eabi/4.4.1/thumb2\libgcc.a(_arm_cmpdf2.o)
 .bss           0x00000000        0x0 c:/program files (x86)/cypress/psoc creator/2.2/psoc creator/import/gnu_cs/arm/4.4.1/bin/../lib/gcc/arm-none-eabi/4.4.1/thumb2\libgcc.a(_arm_cmpdf2.o)
 .data          0x00000000        0x0 c:/program files (x86)/cypress/psoc creator/2.2/psoc creator/import/gnu_cs/arm/4.4.1/bin/../lib/gcc/arm-none-eabi/4.4.1/thumb2\libgcc.a(_arm_truncdfsf2.o)
 .bss           0x00000000        0x0 c:/program files (x86)/cypress/psoc creator/2.2/psoc creator/import/gnu_cs/arm/4.4.1/bin/../lib/gcc/arm-none-eabi/4.4.1/thumb2\libgcc.a(_arm_truncdfsf2.o)
 .data          0x00000000        0x0 c:/program files (x86)/cypress/psoc creator/2.2/psoc creator/import/gnu_cs/arm/4.4.1/bin/../lib/gcc/arm-none-eabi/4.4.1/thumb2\libgcc.a(_arm_addsubsf3.o)
 .bss           0x00000000        0x0 c:/program files (x86)/cypress/psoc creator/2.2/psoc creator/import/gnu_cs/arm/4.4.1/bin/../lib/gcc/arm-none-eabi/4.4.1/thumb2\libgcc.a(_arm_addsubsf3.o)
 .data          0x00000000        0x0 c:/program files (x86)/cypress/psoc creator/2.2/psoc creator/import/gnu_cs/arm/4.4.1/bin/../lib/gcc/arm-none-eabi/4.4.1/thumb2\libgcc.a(_arm_muldivsf3.o)
 .bss           0x00000000        0x0 c:/program files (x86)/cypress/psoc creator/2.2/psoc creator/import/gnu_cs/arm/4.4.1/bin/../lib/gcc/arm-none-eabi/4.4.1/thumb2\libgcc.a(_arm_muldivsf3.o)
 .data          0x00000000        0x0 c:/program files (x86)/cypress/psoc creator/2.2/psoc creator/import/gnu_cs/arm/4.4.1/bin/../lib/gcc/arm-none-eabi/4.4.1/thumb2\libgcc.a(_arm_fixunssfsi.o)
 .bss           0x00000000        0x0 c:/program files (x86)/cypress/psoc creator/2.2/psoc creator/import/gnu_cs/arm/4.4.1/bin/../lib/gcc/arm-none-eabi/4.4.1/thumb2\libgcc.a(_arm_fixunssfsi.o)
 .data          0x00000000        0x0 c:/program files (x86)/cypress/psoc creator/2.2/psoc creator/import/gnu_cs/arm/4.4.1/bin/../lib/gcc/arm-none-eabi/4.4.1/../../../../arm-none-eabi/lib/thumb2\libc.a(lib_a-memcpy.o)
 .bss           0x00000000        0x0 c:/program files (x86)/cypress/psoc creator/2.2/psoc creator/import/gnu_cs/arm/4.4.1/bin/../lib/gcc/arm-none-eabi/4.4.1/../../../../arm-none-eabi/lib/thumb2\libc.a(lib_a-memcpy.o)
 .data          0x00000000        0x0 c:/program files (x86)/cypress/psoc creator/2.2/psoc creator/import/gnu_cs/arm/4.4.1/bin/../lib/gcc/arm-none-eabi/4.4.1/../../../../arm-none-eabi/lib/thumb2\libc.a(lib_a-memset.o)
 .bss           0x00000000        0x0 c:/program files (x86)/cypress/psoc creator/2.2/psoc creator/import/gnu_cs/arm/4.4.1/bin/../lib/gcc/arm-none-eabi/4.4.1/../../../../arm-none-eabi/lib/thumb2\libc.a(lib_a-memset.o)
 .text          0x00000000        0x0 c:/program files (x86)/cypress/psoc creator/2.2/psoc creator/import/gnu_cs/arm/4.4.1/bin/../lib/gcc/arm-none-eabi/4.4.1/thumb2/crtend.o
 .data          0x00000000        0x0 c:/program files (x86)/cypress/psoc creator/2.2/psoc creator/import/gnu_cs/arm/4.4.1/bin/../lib/gcc/arm-none-eabi/4.4.1/thumb2/crtend.o
 .bss           0x00000000        0x0 c:/program files (x86)/cypress/psoc creator/2.2/psoc creator/import/gnu_cs/arm/4.4.1/bin/../lib/gcc/arm-none-eabi/4.4.1/thumb2/crtend.o
 .text          0x00000000        0x0 c:/program files (x86)/cypress/psoc creator/2.2/psoc creator/import/gnu_cs/arm/4.4.1/bin/../lib/gcc/arm-none-eabi/4.4.1/thumb2/crtn.o
 .data          0x00000000        0x0 c:/program files (x86)/cypress/psoc creator/2.2/psoc creator/import/gnu_cs/arm/4.4.1/bin/../lib/gcc/arm-none-eabi/4.4.1/thumb2/crtn.o
 .bss           0x00000000        0x0 c:/program files (x86)/cypress/psoc creator/2.2/psoc creator/import/gnu_cs/arm/4.4.1/bin/../lib/gcc/arm-none-eabi/4.4.1/thumb2/crtn.o
 .data          0x00000000        0x0 c:/program files (x86)/cypress/psoc creator/2.2/psoc creator/import/gnu_cs/arm/4.4.1/bin/../lib/gcc/arm-none-eabi/4.4.1/../../../../arm-none-eabi/lib/thumb2\libcs3.a(start_c.o)
 .bss           0x00000000        0x0 c:/program files (x86)/cypress/psoc creator/2.2/psoc creator/import/gnu_cs/arm/4.4.1/bin/../lib/gcc/arm-none-eabi/4.4.1/../../../../arm-none-eabi/lib/thumb2\libcs3.a(start_c.o)
 .data          0x00000000        0x0 c:/program files (x86)/cypress/psoc creator/2.2/psoc creator/import/gnu_cs/arm/4.4.1/bin/../lib/gcc/arm-none-eabi/4.4.1/../../../../arm-none-eabi/lib/thumb2\libcs3micro.a(micro_isr_interrupt.o)
 .bss           0x00000000        0x0 c:/program files (x86)/cypress/psoc creator/2.2/psoc creator/import/gnu_cs/arm/4.4.1/bin/../lib/gcc/arm-none-eabi/4.4.1/../../../../arm-none-eabi/lib/thumb2\libcs3micro.a(micro_isr_interrupt.o)
 .data          0x00000000        0x0 c:/program files (x86)/cypress/psoc creator/2.2/psoc creator/import/gnu_cs/arm/4.4.1/bin/../lib/gcc/arm-none-eabi/4.4.1/../../../../arm-none-eabi/lib/thumb2\libc.a(lib_a-init.o)
 .bss           0x00000000        0x0 c:/program files (x86)/cypress/psoc creator/2.2/psoc creator/import/gnu_cs/arm/4.4.1/bin/../lib/gcc/arm-none-eabi/4.4.1/../../../../arm-none-eabi/lib/thumb2\libc.a(lib_a-init.o)

Memory Configuration

Name             Origin             Length             Attributes
rom              0x00000000         0x00040000         xr
ram              0x1fff8000         0x0000b000         xrw
*default*        0x00000000         0xffffffff

Linker script and memory map

LOAD c:/program files (x86)/cypress/psoc creator/2.2/psoc creator/import/gnu_cs/arm/4.4.1/bin/../lib/gcc/arm-none-eabi/4.4.1/thumb2/crti.o
LOAD c:/program files (x86)/cypress/psoc creator/2.2/psoc creator/import/gnu_cs/arm/4.4.1/bin/../lib/gcc/arm-none-eabi/4.4.1/thumb2/crtbegin.o
START GROUP
LOAD .\CortexM3\ARM_GCC_441\Debug\main.o
LOAD .\CortexM3\ARM_GCC_441\Debug\Cm3Start.o
LOAD .\CortexM3\ARM_GCC_441\Debug\FinalProject.a
LOAD C:\Program Files (x86)\Cypress\PSoC Creator\2.2\PSoC Creator\psoc\content\cycomponentlibrary\CyComponentLibrary.cylib\CortexM3\ARM_GCC_441\Debug\CyComponentLibrary.a
LOAD c:/program files (x86)/cypress/psoc creator/2.2/psoc creator/import/gnu_cs/arm/4.4.1/bin/../lib/gcc/arm-none-eabi/4.4.1/../../../../arm-none-eabi/lib/thumb2\libm.a
END GROUP
START GROUP
LOAD c:/program files (x86)/cypress/psoc creator/2.2/psoc creator/import/gnu_cs/arm/4.4.1/bin/../lib/gcc/arm-none-eabi/4.4.1/thumb2\libgcc.a
LOAD c:/program files (x86)/cypress/psoc creator/2.2/psoc creator/import/gnu_cs/arm/4.4.1/bin/../lib/gcc/arm-none-eabi/4.4.1/../../../../arm-none-eabi/lib/thumb2\libc.a
END GROUP
LOAD c:/program files (x86)/cypress/psoc creator/2.2/psoc creator/import/gnu_cs/arm/4.4.1/bin/../lib/gcc/arm-none-eabi/4.4.1/thumb2/crtend.o
LOAD c:/program files (x86)/cypress/psoc creator/2.2/psoc creator/import/gnu_cs/arm/4.4.1/bin/../lib/gcc/arm-none-eabi/4.4.1/thumb2/crtn.o
START GROUP
LOAD c:/program files (x86)/cypress/psoc creator/2.2/psoc creator/import/gnu_cs/arm/4.4.1/bin/../lib/gcc/arm-none-eabi/4.4.1/thumb2\libgcc.a
LOAD c:/program files (x86)/cypress/psoc creator/2.2/psoc creator/import/gnu_cs/arm/4.4.1/bin/../lib/gcc/arm-none-eabi/4.4.1/../../../../arm-none-eabi/lib/thumb2\libc.a
LOAD c:/program files (x86)/cypress/psoc creator/2.2/psoc creator/import/gnu_cs/arm/4.4.1/bin/../lib/gcc/arm-none-eabi/4.4.1/../../../../arm-none-eabi/lib/thumb2\libcs3.a
LOAD c:/program files (x86)/cypress/psoc creator/2.2/psoc creator/import/gnu_cs/arm/4.4.1/bin/../lib/gcc/arm-none-eabi/4.4.1/../../../../arm-none-eabi/lib/thumb2\libcs3unhosted.a
LOAD c:/program files (x86)/cypress/psoc creator/2.2/psoc creator/import/gnu_cs/arm/4.4.1/bin/../lib/gcc/arm-none-eabi/4.4.1/../../../../arm-none-eabi/lib/thumb2\libcs3micro.a
END GROUP
                0x1fff8150                PROVIDE (__cs3_heap_start, _end)
                0x00000001                PROVIDE (__cs3_region_num, ((__cs3_regions_end - __cs3_regions) / 0x14))
                0x20008000                PROVIDE (__cs3_stack, 0x20008000)
                0x20004000                PROVIDE (__cs3_heap_end, (__cs3_stack - 0x4000))

.text           0x00000000     0x34a8
 CREATE_OBJECT_SYMBOLS
                0x00000000                PROVIDE (__cs3_interrupt_vector, RomVectors)
 *(.romvectors)
 .romvectors    0x00000000       0x10 .\CortexM3\ARM_GCC_441\Debug\Cm3Start.o
                0x00000000                RomVectors
 *(.cs3.interrupt_vector)
                0x00000001                ASSERT ((. != __cs3_interrupt_vector), No interrupt vector)
                0x0000078c                PROVIDE (__cs3_reset, Reset)
 *(.cs3.reset)
                0x00000001                ASSERT ((. != __cs3_reset), No reset code)
 *(.dma_init)
                0x00000001                ASSERT ((((0x0 + .) <= 0x10000) || 0x1), DMA Init must be within the first 64k of flash)
 *(.text.cs3.init)
 .text.cs3.init
                0x00000010       0x5c c:/program files (x86)/cypress/psoc creator/2.2/psoc creator/import/gnu_cs/arm/4.4.1/bin/../lib/gcc/arm-none-eabi/4.4.1/../../../../arm-none-eabi/lib/thumb2\libcs3.a(start_c.o)
                0x00000010                __cs3_start_c
 *(.text .text.* .gnu.linkonce.t.*)
 .text          0x0000006c       0x30 c:/program files (x86)/cypress/psoc creator/2.2/psoc creator/import/gnu_cs/arm/4.4.1/bin/../lib/gcc/arm-none-eabi/4.4.1/thumb2/crtbegin.o
 .text.main     0x0000009c       0xe8 .\CortexM3\ARM_GCC_441\Debug\main.o
                0x0000009c                main
 .text.Get_Counts
                0x00000184      0x124 .\CortexM3\ARM_GCC_441\Debug\main.o
                0x00000184                Get_Counts
 .text.Calc_Degs
                0x000002a8      0x3f0 .\CortexM3\ARM_GCC_441\Debug\main.o
                0x000002a8                Calc_Degs
 .text.Output_Data
                0x00000698       0xec .\CortexM3\ARM_GCC_441\Debug\main.o
                0x00000698                Output_Data
 .text.IntDefaultHandler
                0x00000784        0x8 .\CortexM3\ARM_GCC_441\Debug\Cm3Start.o
                0x00000784                IntDefaultHandler
 .text.Reset    0x0000078c       0x24 .\CortexM3\ARM_GCC_441\Debug\Cm3Start.o
                0x0000078c                Reset
 .text.initialize_psoc
                0x000007b0       0xb4 .\CortexM3\ARM_GCC_441\Debug\Cm3Start.o
                0x000007b0                initialize_psoc
 .text.AMux_1_Start
                0x00000864       0x3c .\CortexM3\ARM_GCC_441\Debug\FinalProject.a(AMux_1.o)
                0x00000864                AMux_1_Start
 .text.AMux_1_FastSelect
                0x000008a0       0x44 .\CortexM3\ARM_GCC_441\Debug\FinalProject.a(AMux_1.o)
                0x000008a0                AMux_1_FastSelect
 .text.ADC_SAR_1_Start
                0x000008e4       0x2c .\CortexM3\ARM_GCC_441\Debug\FinalProject.a(ADC_SAR_1.o)
                0x000008e4                ADC_SAR_1_Start
 .text.ADC_SAR_1_Init
                0x00000910       0x5c .\CortexM3\ARM_GCC_441\Debug\FinalProject.a(ADC_SAR_1.o)
                0x00000910                ADC_SAR_1_Init
 .text.ADC_SAR_1_Enable
                0x0000096c      0x178 .\CortexM3\ARM_GCC_441\Debug\FinalProject.a(ADC_SAR_1.o)
                0x0000096c                ADC_SAR_1_Enable
 .text.ADC_SAR_1_SetResolution
                0x00000ae4       0x68 .\CortexM3\ARM_GCC_441\Debug\FinalProject.a(ADC_SAR_1.o)
                0x00000ae4                ADC_SAR_1_SetResolution
 .text.ADC_SAR_1_StartConvert
                0x00000b4c       0x28 .\CortexM3\ARM_GCC_441\Debug\FinalProject.a(ADC_SAR_1.o)
                0x00000b4c                ADC_SAR_1_StartConvert
 .text.ADC_SAR_1_IsEndConversion
                0x00000b74       0x4c .\CortexM3\ARM_GCC_441\Debug\FinalProject.a(ADC_SAR_1.o)
                0x00000b74                ADC_SAR_1_IsEndConversion
 .text.ADC_SAR_1_GetResult8
                0x00000bc0       0x5c .\CortexM3\ARM_GCC_441\Debug\FinalProject.a(ADC_SAR_1.o)
                0x00000bc0                ADC_SAR_1_GetResult8
 .text.ADC_SAR_1_CalcGain
                0x00000c1c       0x88 .\CortexM3\ARM_GCC_441\Debug\FinalProject.a(ADC_SAR_1.o)
 .text.ADC_SAR_1_ISR
                0x00000ca4        0xc .\CortexM3\ARM_GCC_441\Debug\FinalProject.a(ADC_SAR_1_INT.o)
                0x00000ca4                ADC_SAR_1_ISR
 .text.LCD_Char_1_Init
                0x00000cb0       0x90 .\CortexM3\ARM_GCC_441\Debug\FinalProject.a(LCD_Char_1.o)
                0x00000cb0                LCD_Char_1_Init
 .text.LCD_Char_1_Enable
                0x00000d40       0x1c .\CortexM3\ARM_GCC_441\Debug\FinalProject.a(LCD_Char_1.o)
                0x00000d40                LCD_Char_1_Enable
 .text.LCD_Char_1_Start
                0x00000d5c       0x2c .\CortexM3\ARM_GCC_441\Debug\FinalProject.a(LCD_Char_1.o)
                0x00000d5c                LCD_Char_1_Start
 .text.LCD_Char_1_Position
                0x00000d88       0x74 .\CortexM3\ARM_GCC_441\Debug\FinalProject.a(LCD_Char_1.o)
                0x00000d88                LCD_Char_1_Position
 .text.LCD_Char_1_PrintString
                0x00000dfc       0x40 .\CortexM3\ARM_GCC_441\Debug\FinalProject.a(LCD_Char_1.o)
                0x00000dfc                LCD_Char_1_PrintString
 .text.LCD_Char_1_WriteData
                0x00000e3c       0x38 .\CortexM3\ARM_GCC_441\Debug\FinalProject.a(LCD_Char_1.o)
                0x00000e3c                LCD_Char_1_WriteData
 .text.LCD_Char_1_WriteControl
                0x00000e74       0x38 .\CortexM3\ARM_GCC_441\Debug\FinalProject.a(LCD_Char_1.o)
                0x00000e74                LCD_Char_1_WriteControl
 .text.LCD_Char_1_IsReady
                0x00000eac      0x1fc .\CortexM3\ARM_GCC_441\Debug\FinalProject.a(LCD_Char_1.o)
                0x00000eac                LCD_Char_1_IsReady
 .text.LCD_Char_1_WrDatNib
                0x000010a8       0xac .\CortexM3\ARM_GCC_441\Debug\FinalProject.a(LCD_Char_1.o)
 .text.LCD_Char_1_WrCntrlNib
                0x00001154       0x8c .\CortexM3\ARM_GCC_441\Debug\FinalProject.a(LCD_Char_1.o)
 .text.LCD_Char_1_PrintNumber
                0x000011e0      0x110 .\CortexM3\ARM_GCC_441\Debug\FinalProject.a(LCD_Char_1.o)
                0x000011e0                LCD_Char_1_PrintNumber
 .text.VDAC8_1_Init
                0x000012f0       0x34 .\CortexM3\ARM_GCC_441\Debug\FinalProject.a(VDAC8_1.o)
                0x000012f0                VDAC8_1_Init
 .text.VDAC8_1_Enable
                0x00001324       0x74 .\CortexM3\ARM_GCC_441\Debug\FinalProject.a(VDAC8_1.o)
                0x00001324                VDAC8_1_Enable
 .text.VDAC8_1_Start
                0x00001398       0x34 .\CortexM3\ARM_GCC_441\Debug\FinalProject.a(VDAC8_1.o)
                0x00001398                VDAC8_1_Start
 .text.VDAC8_1_SetSpeed
                0x000013cc       0x50 .\CortexM3\ARM_GCC_441\Debug\FinalProject.a(VDAC8_1.o)
                0x000013cc                VDAC8_1_SetSpeed
 .text.VDAC8_1_SetRange
                0x0000141c       0x54 .\CortexM3\ARM_GCC_441\Debug\FinalProject.a(VDAC8_1.o)
                0x0000141c                VDAC8_1_SetRange
 .text.VDAC8_1_SetValue
                0x00001470       0x3c .\CortexM3\ARM_GCC_441\Debug\FinalProject.a(VDAC8_1.o)
                0x00001470                VDAC8_1_SetValue
 .text.VDAC8_1_DacTrim
                0x000014ac       0x44 .\CortexM3\ARM_GCC_441\Debug\FinalProject.a(VDAC8_1.o)
                0x000014ac                VDAC8_1_DacTrim
 .text.ADC_SAR_1_theACLK_SetModeRegister
                0x000014f0       0x3c .\CortexM3\ARM_GCC_441\Debug\FinalProject.a(ADC_SAR_1_theACLK.o)
                0x000014f0                ADC_SAR_1_theACLK_SetModeRegister
 *fill*         0x0000152c        0x4 00
 .text          0x00001530       0x20 .\CortexM3\ARM_GCC_441\Debug\FinalProject.a(CyBootAsmGnu.o)
                0x00001530                CyDelayCycles
                0x00001540                CyEnterCriticalSection
                0x00001548                CyExitCriticalSection
 .text.CyHalt   0x00001550       0x18 .\CortexM3\ARM_GCC_441\Debug\FinalProject.a(CyLib.o)
                0x00001550                CyHalt
 .text.CyDelay  0x00001568       0x48 .\CortexM3\ARM_GCC_441\Debug\FinalProject.a(CyLib.o)
                0x00001568                CyDelay
 .text.CyDelayUs
                0x000015b0       0x28 .\CortexM3\ARM_GCC_441\Debug\FinalProject.a(CyLib.o)
                0x000015b0                CyDelayUs
 .text.CyIntSetVector
                0x000015d8       0x60 .\CortexM3\ARM_GCC_441\Debug\FinalProject.a(CyLib.o)
                0x000015d8                CyIntSetVector
 .text.CyIntSetPriority
                0x00001638       0x4c .\CortexM3\ARM_GCC_441\Debug\FinalProject.a(CyLib.o)
                0x00001638                CyIntSetPriority
 .text.Counter_1_Init
                0x00001684       0xac .\CortexM3\ARM_GCC_441\Debug\FinalProject.a(Counter_1.o)
                0x00001684                Counter_1_Init
 .text.Counter_1_Enable
                0x00001730       0x2c .\CortexM3\ARM_GCC_441\Debug\FinalProject.a(Counter_1.o)
                0x00001730                Counter_1_Enable
 .text.Counter_1_Start
                0x0000175c       0x2c .\CortexM3\ARM_GCC_441\Debug\FinalProject.a(Counter_1.o)
                0x0000175c                Counter_1_Start
 .text.Counter_1_SetInterruptMode
                0x00001788       0x20 .\CortexM3\ARM_GCC_441\Debug\FinalProject.a(Counter_1.o)
                0x00001788                Counter_1_SetInterruptMode
 .text.Counter_1_ReadStatusRegister
                0x000017a8       0x18 .\CortexM3\ARM_GCC_441\Debug\FinalProject.a(Counter_1.o)
                0x000017a8                Counter_1_ReadStatusRegister
 .text.Counter_1_WriteCounter
                0x000017c0       0x20 .\CortexM3\ARM_GCC_441\Debug\FinalProject.a(Counter_1.o)
                0x000017c0                Counter_1_WriteCounter
 .text.Counter_1_ReadCounter
                0x000017e0       0x24 .\CortexM3\ARM_GCC_441\Debug\FinalProject.a(Counter_1.o)
                0x000017e0                Counter_1_ReadCounter
 .text.Counter_1_ReadCapture
                0x00001804       0x18 .\CortexM3\ARM_GCC_441\Debug\FinalProject.a(Counter_1.o)
                0x00001804                Counter_1_ReadCapture
 .text.Counter_1_WritePeriod
                0x0000181c       0x20 .\CortexM3\ARM_GCC_441\Debug\FinalProject.a(Counter_1.o)
                0x0000181c                Counter_1_WritePeriod
 .text.Counter_1_WriteCompare
                0x0000183c       0x20 .\CortexM3\ARM_GCC_441\Debug\FinalProject.a(Counter_1.o)
                0x0000183c                Counter_1_WriteCompare
 .text.Counter_1_ClearFIFO
                0x0000185c       0x1c .\CortexM3\ARM_GCC_441\Debug\FinalProject.a(Counter_1.o)
                0x0000185c                Counter_1_ClearFIFO
 .text.Control_Reg_1_Write
                0x00001878       0x20 .\CortexM3\ARM_GCC_441\Debug\FinalProject.a(Control_Reg_1.o)
                0x00001878                Control_Reg_1_Write
 .text.CYMEMZERO8
                0x00001898       0x3c .\CortexM3\ARM_GCC_441\Debug\FinalProject.a(cyfitter_cfg.o)
 .text.CYMEMZERO
                0x000018d4       0x20 .\CortexM3\ARM_GCC_441\Debug\FinalProject.a(cyfitter_cfg.o)
 .text.CYCONFIGCPY
                0x000018f4       0x20 .\CortexM3\ARM_GCC_441\Debug\FinalProject.a(cyfitter_cfg.o)
 .text.cfg_write_bytes32
                0x00001914       0x84 .\CortexM3\ARM_GCC_441\Debug\FinalProject.a(cyfitter_cfg.o)
 .text.ClockSetup
                0x00001998      0x154 .\CortexM3\ARM_GCC_441\Debug\FinalProject.a(cyfitter_cfg.o)
 .text.AnalogSetDefault
                0x00001aec       0xd0 .\CortexM3\ARM_GCC_441\Debug\FinalProject.a(cyfitter_cfg.o)
 .text.AMux_1_Set
                0x00001bbc       0xf8 .\CortexM3\ARM_GCC_441\Debug\FinalProject.a(cyfitter_cfg.o)
                0x00001bbc                AMux_1_Set
 .text.AMux_1_Unset
                0x00001cb4      0x108 .\CortexM3\ARM_GCC_441\Debug\FinalProject.a(cyfitter_cfg.o)
                0x00001cb4                AMux_1_Unset
 .text.cyfitter_cfg
                0x00001dbc      0x274 .\CortexM3\ARM_GCC_441\Debug\FinalProject.a(cyfitter_cfg.o)
                0x00001dbc                cyfitter_cfg
 .text          0x00002030      0x348 c:/program files (x86)/cypress/psoc creator/2.2/psoc creator/import/gnu_cs/arm/4.4.1/bin/../lib/gcc/arm-none-eabi/4.4.1/../../../../arm-none-eabi/lib/thumb2\libm.a(lib_a-s_atan.o)
                0x00002030                atan
 .text          0x00002378        0x8 c:/program files (x86)/cypress/psoc creator/2.2/psoc creator/import/gnu_cs/arm/4.4.1/bin/../lib/gcc/arm-none-eabi/4.4.1/../../../../arm-none-eabi/lib/thumb2\libm.a(lib_a-s_fabs.o)
                0x00002378                fabs
 .text          0x00002380      0x370 c:/program files (x86)/cypress/psoc creator/2.2/psoc creator/import/gnu_cs/arm/4.4.1/bin/../lib/gcc/arm-none-eabi/4.4.1/thumb2\libgcc.a(_arm_addsubdf3.o)
                0x00002380                __aeabi_drsub
                0x00002388                __aeabi_dsub
                0x00002388                __subdf3
                0x0000238c                __aeabi_dadd
                0x0000238c                __adddf3
                0x00002604                __floatunsidf
                0x00002604                __aeabi_ui2d
                0x00002624                __floatsidf
                0x00002624                __aeabi_i2d
                0x00002648                __aeabi_f2d
                0x00002648                __extendsfdf2
                0x00002684                __floatundidf
                0x00002684                __aeabi_ul2d
                0x00002694                __floatdidf
                0x00002694                __aeabi_l2d
 .text          0x000026f0      0x424 c:/program files (x86)/cypress/psoc creator/2.2/psoc creator/import/gnu_cs/arm/4.4.1/bin/../lib/gcc/arm-none-eabi/4.4.1/thumb2\libgcc.a(_arm_muldivdf3.o)
                0x000026f0                __aeabi_dmul
                0x000026f0                __muldf3
                0x00002944                __divdf3
                0x00002944                __aeabi_ddiv
 .text          0x00002b14      0x110 c:/program files (x86)/cypress/psoc creator/2.2/psoc creator/import/gnu_cs/arm/4.4.1/bin/../lib/gcc/arm-none-eabi/4.4.1/thumb2\libgcc.a(_arm_cmpdf2.o)
                0x00002b14                __gtdf2
                0x00002b14                __gedf2
                0x00002b1c                __ltdf2
                0x00002b1c                __ledf2
                0x00002b24                __nedf2
                0x00002b24                __eqdf2
                0x00002b24                __cmpdf2
                0x00002ba0                __aeabi_cdrcmple
                0x00002bb0                __aeabi_cdcmpeq
                0x00002bb0                __aeabi_cdcmple
                0x00002bc0                __aeabi_dcmpeq
                0x00002bd4                __aeabi_dcmplt
                0x00002be8                __aeabi_dcmple
                0x00002bfc                __aeabi_dcmpge
                0x00002c10                __aeabi_dcmpgt
 .text          0x00002c24       0xa0 c:/program files (x86)/cypress/psoc creator/2.2/psoc creator/import/gnu_cs/arm/4.4.1/bin/../lib/gcc/arm-none-eabi/4.4.1/thumb2\libgcc.a(_arm_truncdfsf2.o)
                0x00002c24                __truncdfsf2
                0x00002c24                __aeabi_d2f
 .text          0x00002cc4      0x21c c:/program files (x86)/cypress/psoc creator/2.2/psoc creator/import/gnu_cs/arm/4.4.1/bin/../lib/gcc/arm-none-eabi/4.4.1/thumb2\libgcc.a(_arm_addsubsf3.o)
                0x00002cc4                __aeabi_frsub
                0x00002ccc                __subsf3
                0x00002ccc                __aeabi_fsub
                0x00002cd0                __aeabi_fadd
                0x00002cd0                __addsf3
                0x00002e30                __aeabi_ui2f
                0x00002e30                __floatunsisf
                0x00002e38                __aeabi_i2f
                0x00002e38                __floatsisf
                0x00002e54                __aeabi_ul2f
                0x00002e54                __floatundisf
                0x00002e64                __aeabi_l2f
                0x00002e64                __floatdisf
 .text          0x00002ee0      0x2a0 c:/program files (x86)/cypress/psoc creator/2.2/psoc creator/import/gnu_cs/arm/4.4.1/bin/../lib/gcc/arm-none-eabi/4.4.1/thumb2\libgcc.a(_arm_muldivsf3.o)
                0x00002ee0                __mulsf3
                0x00002ee0                __aeabi_fmul
                0x00003048                __aeabi_fdiv
                0x00003048                __divsf3
 .text          0x00003180       0x40 c:/program files (x86)/cypress/psoc creator/2.2/psoc creator/import/gnu_cs/arm/4.4.1/bin/../lib/gcc/arm-none-eabi/4.4.1/thumb2\libgcc.a(_arm_fixunssfsi.o)
                0x00003180                __fixunssfsi
                0x00003180                __aeabi_f2uiz
 .text          0x000031c0      0x190 c:/program files (x86)/cypress/psoc creator/2.2/psoc creator/import/gnu_cs/arm/4.4.1/bin/../lib/gcc/arm-none-eabi/4.4.1/../../../../arm-none-eabi/lib/thumb2\libc.a(lib_a-memcpy.o)
                0x000031c0                memcpy
 .text          0x00003350       0xd4 c:/program files (x86)/cypress/psoc creator/2.2/psoc creator/import/gnu_cs/arm/4.4.1/bin/../lib/gcc/arm-none-eabi/4.4.1/../../../../arm-none-eabi/lib/thumb2\libc.a(lib_a-memset.o)
                0x00003350                memset
 .text          0x00003424       0x30 c:/program files (x86)/cypress/psoc creator/2.2/psoc creator/import/gnu_cs/arm/4.4.1/bin/../lib/gcc/arm-none-eabi/4.4.1/../../../../arm-none-eabi/lib/thumb2\libcs3.a(start_c.o)
                0x00003424                __cs3_premain
 .text          0x00003454        0x2 c:/program files (x86)/cypress/psoc creator/2.2/psoc creator/import/gnu_cs/arm/4.4.1/bin/../lib/gcc/arm-none-eabi/4.4.1/../../../../arm-none-eabi/lib/thumb2\libcs3micro.a(micro_isr_interrupt.o)
                0x00003454                __cs3_isr_external_24
                0x00003454                __cs3_isr_external_9
                0x00003454                __cs3_isr_external_14
                0x00003454                __cs3_isr_reserved_9
                0x00003454                __cs3_isr_external_4
                0x00003454                __cs3_isr_external_21
                0x00003454                __cs3_isr_external_0
                0x00003454                __cs3_isr_external_27
                0x00003454                __cs3_isr_external_11
                0x00003454                __cs3_isr_usage_fault
                0x00003454                __cs3_isr_svcall
                0x00003454                __cs3_isr_external_3
                0x00003454                __cs3_isr_mpu_fault
                0x00003454                __cs3_isr_external_16
                0x00003454                __cs3_isr_pendsv
                0x00003454                __cs3_isr_external_31
                0x00003454                __cs3_isr_nmi
                0x00003454                __cs3_isr_external_5
                0x00003454                __cs3_isr_external_6
                0x00003454                __cs3_isr_external_12
                0x00003454                __cs3_isr_hard_fault
                0x00003454                __cs3_isr_bus_fault
                0x00003454                __cs3_isr_external_1
                0x00003454                __cs3_isr_external_13
                0x00003454                __cs3_isr_external_30
                0x00003454                __cs3_isr_external_23
                0x00003454                __cs3_isr_external_20
                0x00003454                __cs3_isr_debug
                0x00003454                __cs3_isr_reserved_13
                0x00003454                __cs3_isr_external_8
                0x00003454                __cs3_isr_external_26
                0x00003454                __cs3_isr_reserved_8
                0x00003454                __cs3_isr_reserved_7
                0x00003454                __cs3_isr_external_7
                0x00003454                __cs3_isr_external_28
                0x00003454                __cs3_isr_systick
                0x00003454                __cs3_isr_external_22
                0x00003454                __cs3_isr_external_10
                0x00003454                __cs3_isr_external_15
                0x00003454                __cs3_isr_interrupt
                0x00003454                __cs3_isr_external_18
                0x00003454                __cs3_isr_external_29
                0x00003454                __cs3_isr_external_25
                0x00003454                __cs3_isr_reserved_10
                0x00003454                __cs3_isr_external_2
                0x00003454                __cs3_isr_external_17
                0x00003454                __cs3_isr_external_19
 *fill*         0x00003456        0x2 00
 .text          0x00003458       0x50 c:/program files (x86)/cypress/psoc creator/2.2/psoc creator/import/gnu_cs/arm/4.4.1/bin/../lib/gcc/arm-none-eabi/4.4.1/../../../../arm-none-eabi/lib/thumb2\libc.a(lib_a-init.o)
                0x00003458                __libc_init_array
 *(.plt)
 *(.gnu.warning)
 *(.glue_7t)
 .glue_7t       0x00000000        0x0 linker stubs
 *(.glue_7)
 .glue_7        0x00000000        0x0 linker stubs
 *(.vfp11_veneer)
 .vfp11_veneer  0x00000000        0x0 linker stubs
 *(.bootloader)
 *(.ARM.extab* .gnu.linkonce.armextab.*)
 *(.gcc_except_table)

.v4_bx          0x000034a8        0x0
 .v4_bx         0x00000000        0x0 linker stubs

.eh_frame_hdr
 *(.eh_frame_hdr)

.eh_frame
 *(.eh_frame)
                0x000034a8                PROVIDE (__exidx_start, .)

.ARM.exidx
 *(.ARM.exidx* .gnu.linkonce.armexidx.*)
                0x000034a8                __exidx_end = .

.rodata         0x000034a8       0xd8
 *(.rodata .rodata.* .gnu.linkonce.r.*)
 .rodata        0x000034a8       0x5c .\CortexM3\ARM_GCC_441\Debug\FinalProject.a(cyfitter_cfg.o)
 *fill*         0x00003504        0x4 00
 .rodata        0x00003508       0x40 c:/program files (x86)/cypress/psoc creator/2.2/psoc creator/import/gnu_cs/arm/4.4.1/bin/../lib/gcc/arm-none-eabi/4.4.1/../../../../arm-none-eabi/lib/thumb2\libm.a(lib_a-s_atan.o)
                0x00003548                . = ALIGN (0x4)
 *(.init)
 .init          0x00003548        0x4 c:/program files (x86)/cypress/psoc creator/2.2/psoc creator/import/gnu_cs/arm/4.4.1/bin/../lib/gcc/arm-none-eabi/4.4.1/thumb2/crti.o
                0x00003548                _init
 .init          0x0000354c        0x8 c:/program files (x86)/cypress/psoc creator/2.2/psoc creator/import/gnu_cs/arm/4.4.1/bin/../lib/gcc/arm-none-eabi/4.4.1/thumb2/crtn.o
                0x00003554                . = ALIGN (0x4)
                0x00003554                __preinit_array_start = .
 *(.preinit_array)
                0x00003554                __preinit_array_end = .
                0x00003554                . = ALIGN (0x4)
                0x00003554                __init_array_start = .
 *(SORT(.init_array.*))
 *(.init_array)
 .init_array    0x00003554        0x4 c:/program files (x86)/cypress/psoc creator/2.2/psoc creator/import/gnu_cs/arm/4.4.1/bin/../lib/gcc/arm-none-eabi/4.4.1/thumb2/crtbegin.o
 .init_array    0x00003558        0x4 .\CortexM3\ARM_GCC_441\Debug\Cm3Start.o
                0x0000355c                __init_array_end = .
                0x0000355c                . = ALIGN (0x4)
 *(.fini)
 .fini          0x0000355c        0x4 c:/program files (x86)/cypress/psoc creator/2.2/psoc creator/import/gnu_cs/arm/4.4.1/bin/../lib/gcc/arm-none-eabi/4.4.1/thumb2/crti.o
                0x0000355c                _fini
 .fini          0x00003560        0x8 c:/program files (x86)/cypress/psoc creator/2.2/psoc creator/import/gnu_cs/arm/4.4.1/bin/../lib/gcc/arm-none-eabi/4.4.1/thumb2/crtn.o
                0x00003568                . = ALIGN (0x4)
                0x00003568                __fini_array_start = .
 *(.fini_array)
 .fini_array    0x00003568        0x4 c:/program files (x86)/cypress/psoc creator/2.2/psoc creator/import/gnu_cs/arm/4.4.1/bin/../lib/gcc/arm-none-eabi/4.4.1/thumb2/crtbegin.o
 *(SORT(.fini_array.*))
                0x0000356c                __fini_array_end = .
                0x0000356c                . = ALIGN (0x4)
 *crtbegin.o(.ctors)
 *(EXCLUDE_FILE(*crtend.o) .ctors)
 *(SORT(.ctors.*))
 *crtend.o(.ctors)
                0x0000356c                . = ALIGN (0x4)
 *crtbegin.o(.dtors)
 *(EXCLUDE_FILE(*crtend.o) .dtors)
 *(SORT(.dtors.*))
 *crtend.o(.dtors)
                0x0000356c                . = ALIGN (0x4)
                0x0000356c                __cs3_regions = .
                0x0000356c        0x4 LONG 0x0
                0x00003570        0x4 LONG 0x3580 __cs3_region_init_ram
                0x00003574        0x4 LONG 0x1fff8108 __cs3_region_start_data
                0x00003578        0x4 LONG 0x18 __cs3_region_init_size_ram
                0x0000357c        0x4 LONG 0x30 __cs3_region_zero_size_ram
                0x00003580                __cs3_regions_end = .
                0x00003580                . = ALIGN (0x8)
                0x00003580                _etext = .

.ramvectors     0x1fff8000      0x100
                0x1fff8000                __cs3_region_start_ram = .
 *(.cs3.region-head.ram)
                0x1fff8001                ASSERT ((. == __cs3_region_start_ram), .cs3.region-head.ram not permitted)
 *(.ramvectors)
 .ramvectors    0x1fff8000      0x100 .\CortexM3\ARM_GCC_441\Debug\Cm3Start.o
                0x1fff8000                CyRamVectors

.noinit         0x1fff8100        0x4
 *(.noinit)
 .noinit        0x1fff8100        0x4 .\CortexM3\ARM_GCC_441\Debug\Cm3Start.o

.data           0x1fff8108       0x18 load address 0x00003580
                0x1fff8108                __cs3_region_start_data = .
 *(.jcr)
 .jcr           0x1fff8108        0x0 c:/program files (x86)/cypress/psoc creator/2.2/psoc creator/import/gnu_cs/arm/4.4.1/bin/../lib/gcc/arm-none-eabi/4.4.1/thumb2/crtbegin.o
 .jcr           0x1fff8108        0x4 c:/program files (x86)/cypress/psoc creator/2.2/psoc creator/import/gnu_cs/arm/4.4.1/bin/../lib/gcc/arm-none-eabi/4.4.1/thumb2/crtend.o
 *(.got.plt)
 *(.got)
 *(.shdata)
 *(.data .data.* .gnu.linkonce.d.*)
 .data          0x1fff810c        0x1 .\CortexM3\ARM_GCC_441\Debug\FinalProject.a(AMux_1.o)
                0x1fff810c                AMux_1_lastChannel
 *fill*         0x1fff810d        0x3 00
 .data          0x1fff8110       0x10 .\CortexM3\ARM_GCC_441\Debug\FinalProject.a(CyLib.o)
                0x1fff8110                cydelay_freq_hz
                0x1fff8114                cydelay_freq_khz
                0x1fff8118                cydelay_freq_mhz
                0x1fff811c                cydelay_32k_ms
                0x1fff8120                . = ALIGN (0x8)
 *(.ram)
                0x1fff8120                _edata = .

.bss            0x1fff8120       0x30 load address 0x00003598
 *(.shbss)
 *(.bss .bss.* .gnu.linkonce.b.*)
 .bss           0x1fff8120        0x1 c:/program files (x86)/cypress/psoc creator/2.2/psoc creator/import/gnu_cs/arm/4.4.1/bin/../lib/gcc/arm-none-eabi/4.4.1/thumb2/crtbegin.o
 .bss           0x1fff8121        0x1 .\CortexM3\ARM_GCC_441\Debug\main.o
                0x1fff8121                chan
 .bss           0x1fff8122        0x2 .\CortexM3\ARM_GCC_441\Debug\FinalProject.a(ADC_SAR_1.o)
                0x1fff8122                ADC_SAR_1_initVar
 .bss           0x1fff8124        0x2 .\CortexM3\ARM_GCC_441\Debug\FinalProject.a(LCD_Char_1.o)
                0x1fff8124                LCD_Char_1_enableState
                0x1fff8125                LCD_Char_1_initVar
 *fill*         0x1fff8126        0x2 00
 .bss           0x1fff8128        0x8 .\CortexM3\ARM_GCC_441\Debug\FinalProject.a(VDAC8_1.o)
                0x1fff8128                VDAC8_1_initVar
 .bss           0x1fff8130        0x1 .\CortexM3\ARM_GCC_441\Debug\FinalProject.a(Counter_1.o)
                0x1fff8130                Counter_1_initVar
 *fill*         0x1fff8131        0x3 00
 .bss           0x1fff8134        0x8 .\CortexM3\ARM_GCC_441\Debug\FinalProject.a(cyfitter_cfg.o)
 *(COMMON)
 COMMON         0x1fff813c        0xc .\CortexM3\ARM_GCC_441\Debug\main.o
                0x1fff813c                sample
                0x1fff8140                counts
 COMMON         0x1fff8148        0x6 .\CortexM3\ARM_GCC_441\Debug\FinalProject.a(ADC_SAR_1.o)
                0x1fff8148                ADC_SAR_1_countsPerVolt
                0x1fff814a                ADC_SAR_1_shift
                0x1fff814c                ADC_SAR_1_offset
 COMMON         0x1fff814e        0x1 .\CortexM3\ARM_GCC_441\Debug\FinalProject.a(CyLib.o)
                0x1fff814e                CyResetStatus
                0x1fff8150                . = ALIGN (0x8)
 *fill*         0x1fff814f        0x1 00
 *(.ram.b)
                0x1fff8150                _end = .
                0x1fff8150                __end = .
                0x20003000                __cs3_region_end_ram = (__cs3_region_start_ram + 0xb000)
                0x0000b000                __cs3_region_size_ram = 0xb000
                0x00003580                __cs3_region_init_ram = LOADADDR (.data)
                0x00000018                __cs3_region_init_size_ram = (_edata - ADDR (.data))
                0x00000030                __cs3_region_zero_size_ram = (_end - _edata)

.stab
 *(.stab)

.stabstr
 *(.stabstr)

.debug
 *(.debug)

.line
 *(.line)

.debug_srcinfo
 *(.debug_srcinfo)

.debug_sfnames
 *(.debug_sfnames)

.comment        0x00000000      0x285
 .comment       0x00000000       0x2b .\CortexM3\ARM_GCC_441\Debug\main.o
 .comment       0x0000002b       0x2b .\CortexM3\ARM_GCC_441\Debug\Cm3Start.o
 .comment       0x00000056       0x2b .\CortexM3\ARM_GCC_441\Debug\FinalProject.a(AMux_1.o)
 .comment       0x00000081       0x2b .\CortexM3\ARM_GCC_441\Debug\FinalProject.a(ADC_SAR_1.o)
 .comment       0x000000ac       0x2b .\CortexM3\ARM_GCC_441\Debug\FinalProject.a(ADC_SAR_1_INT.o)
 .comment       0x000000d7       0x2b .\CortexM3\ARM_GCC_441\Debug\FinalProject.a(LCD_Char_1.o)
 .comment       0x00000102       0x2b .\CortexM3\ARM_GCC_441\Debug\FinalProject.a(VDAC8_1.o)
 .comment       0x0000012d       0x2b .\CortexM3\ARM_GCC_441\Debug\FinalProject.a(ADC_SAR_1_theACLK.o)
 .comment       0x00000158       0x2b .\CortexM3\ARM_GCC_441\Debug\FinalProject.a(CyLib.o)
 .comment       0x00000183       0x2b .\CortexM3\ARM_GCC_441\Debug\FinalProject.a(cyPm.o)
 .comment       0x000001ae       0x2b .\CortexM3\ARM_GCC_441\Debug\FinalProject.a(Counter_1.o)
 .comment       0x000001d9       0x2b .\CortexM3\ARM_GCC_441\Debug\FinalProject.a(Control_Reg_1.o)
 .comment       0x00000204       0x2b .\CortexM3\ARM_GCC_441\Debug\FinalProject.a(cyfitter_cfg.o)
 .comment       0x0000022f       0x2b .\CortexM3\ARM_GCC_441\Debug\FinalProject.a(CyFlash.o)
 .comment       0x0000025a       0x2b .\CortexM3\ARM_GCC_441\Debug\FinalProject.a(CySpc.o)

.debug_aranges  0x00000000      0x780
 *(.debug_aranges)
 .debug_aranges
                0x00000000       0x38 .\CortexM3\ARM_GCC_441\Debug\main.o
 .debug_aranges
                0x00000038       0x30 .\CortexM3\ARM_GCC_441\Debug\Cm3Start.o
 .debug_aranges
                0x00000068       0x30 .\CortexM3\ARM_GCC_441\Debug\FinalProject.a(AMux_1.o)
 .debug_aranges
                0x00000098       0xa0 .\CortexM3\ARM_GCC_441\Debug\FinalProject.a(ADC_SAR_1.o)
 .debug_aranges
                0x00000138       0x20 .\CortexM3\ARM_GCC_441\Debug\FinalProject.a(ADC_SAR_1_INT.o)
 .debug_aranges
                0x00000158       0x90 .\CortexM3\ARM_GCC_441\Debug\FinalProject.a(LCD_Char_1.o)
 .debug_aranges
                0x000001e8       0x58 .\CortexM3\ARM_GCC_441\Debug\FinalProject.a(VDAC8_1.o)
 .debug_aranges
                0x00000240       0x78 .\CortexM3\ARM_GCC_441\Debug\FinalProject.a(ADC_SAR_1_theACLK.o)
 .debug_aranges
                0x000002b8       0x20 .\CortexM3\ARM_GCC_441\Debug\FinalProject.a(CyBootAsmGnu.o)
 .debug_aranges
                0x000002d8      0x1e0 .\CortexM3\ARM_GCC_441\Debug\FinalProject.a(CyLib.o)
 .debug_aranges
                0x000004b8       0xb8 .\CortexM3\ARM_GCC_441\Debug\FinalProject.a(cyPm.o)
 .debug_aranges
                0x00000570       0x98 .\CortexM3\ARM_GCC_441\Debug\FinalProject.a(Counter_1.o)
 .debug_aranges
                0x00000608       0x28 .\CortexM3\ARM_GCC_441\Debug\FinalProject.a(Control_Reg_1.o)
 .debug_aranges
                0x00000630       0x80 .\CortexM3\ARM_GCC_441\Debug\FinalProject.a(cyfitter_cfg.o)
 .debug_aranges
                0x000006b0       0x68 .\CortexM3\ARM_GCC_441\Debug\FinalProject.a(CyFlash.o)
 .debug_aranges
                0x00000718       0x68 .\CortexM3\ARM_GCC_441\Debug\FinalProject.a(CySpc.o)

.debug_pubnames
                0x00000000     0x10f2
 *(.debug_pubnames)
 .debug_pubnames
                0x00000000       0x67 .\CortexM3\ARM_GCC_441\Debug\main.o
 .debug_pubnames
                0x00000067       0x66 .\CortexM3\ARM_GCC_441\Debug\Cm3Start.o
 .debug_pubnames
                0x000000cd       0x69 .\CortexM3\ARM_GCC_441\Debug\FinalProject.a(AMux_1.o)
 .debug_pubnames
                0x00000136      0x1fc .\CortexM3\ARM_GCC_441\Debug\FinalProject.a(ADC_SAR_1.o)
 .debug_pubnames
                0x00000332       0x24 .\CortexM3\ARM_GCC_441\Debug\FinalProject.a(ADC_SAR_1_INT.o)
 .debug_pubnames
                0x00000356      0x17b .\CortexM3\ARM_GCC_441\Debug\FinalProject.a(LCD_Char_1.o)
 .debug_pubnames
                0x000004d1       0xc0 .\CortexM3\ARM_GCC_441\Debug\FinalProject.a(VDAC8_1.o)
 .debug_pubnames
                0x00000591      0x1d0 .\CortexM3\ARM_GCC_441\Debug\FinalProject.a(ADC_SAR_1_theACLK.o)
 .debug_pubnames
                0x00000761      0x4be .\CortexM3\ARM_GCC_441\Debug\FinalProject.a(CyLib.o)
 .debug_pubnames
                0x00000c1f       0xbb .\CortexM3\ARM_GCC_441\Debug\FinalProject.a(cyPm.o)
 .debug_pubnames
                0x00000cda      0x1cb .\CortexM3\ARM_GCC_441\Debug\FinalProject.a(Counter_1.o)
 .debug_pubnames
                0x00000ea5       0x41 .\CortexM3\ARM_GCC_441\Debug\FinalProject.a(Control_Reg_1.o)
 .debug_pubnames
                0x00000ee6       0x5d .\CortexM3\ARM_GCC_441\Debug\FinalProject.a(cyfitter_cfg.o)
 .debug_pubnames
                0x00000f43       0xdf .\CortexM3\ARM_GCC_441\Debug\FinalProject.a(CyFlash.o)
 .debug_pubnames
                0x00001022       0xd0 .\CortexM3\ARM_GCC_441\Debug\FinalProject.a(CySpc.o)

.debug_info     0x00000000     0x33a1
 *(.debug_info .gnu.linkonce.wi.*)
 .debug_info    0x00000000      0x1b4 .\CortexM3\ARM_GCC_441\Debug\main.o
 .debug_info    0x000001b4      0x168 .\CortexM3\ARM_GCC_441\Debug\Cm3Start.o
 .debug_info    0x0000031c      0x107 .\CortexM3\ARM_GCC_441\Debug\FinalProject.a(AMux_1.o)
 .debug_info    0x00000423      0x42b .\CortexM3\ARM_GCC_441\Debug\FinalProject.a(ADC_SAR_1.o)
 .debug_info    0x0000084e       0x9a .\CortexM3\ARM_GCC_441\Debug\FinalProject.a(ADC_SAR_1_INT.o)
 .debug_info    0x000008e8      0x3af .\CortexM3\ARM_GCC_441\Debug\FinalProject.a(LCD_Char_1.o)
 .debug_info    0x00000c97      0x1fc .\CortexM3\ARM_GCC_441\Debug\FinalProject.a(VDAC8_1.o)
 .debug_info    0x00000e93      0x27b .\CortexM3\ARM_GCC_441\Debug\FinalProject.a(ADC_SAR_1_theACLK.o)
 .debug_info    0x0000110e       0x99 .\CortexM3\ARM_GCC_441\Debug\FinalProject.a(CyBootAsmGnu.o)
 .debug_info    0x000011a7      0xbce .\CortexM3\ARM_GCC_441\Debug\FinalProject.a(CyLib.o)
 .debug_info    0x00001d75      0x63e .\CortexM3\ARM_GCC_441\Debug\FinalProject.a(cyPm.o)
 .debug_info    0x000023b3      0x2a7 .\CortexM3\ARM_GCC_441\Debug\FinalProject.a(Counter_1.o)
 .debug_info    0x0000265a       0xd1 .\CortexM3\ARM_GCC_441\Debug\FinalProject.a(Control_Reg_1.o)
 .debug_info    0x0000272b      0x5c2 .\CortexM3\ARM_GCC_441\Debug\FinalProject.a(cyfitter_cfg.o)
 .debug_info    0x00002ced      0x308 .\CortexM3\ARM_GCC_441\Debug\FinalProject.a(CyFlash.o)
 .debug_info    0x00002ff5      0x3ac .\CortexM3\ARM_GCC_441\Debug\FinalProject.a(CySpc.o)

.debug_abbrev   0x00000000      0xea1
 *(.debug_abbrev)
 .debug_abbrev  0x00000000      0x100 .\CortexM3\ARM_GCC_441\Debug\main.o
 .debug_abbrev  0x00000100       0xec .\CortexM3\ARM_GCC_441\Debug\Cm3Start.o
 .debug_abbrev  0x000001ec       0x94 .\CortexM3\ARM_GCC_441\Debug\FinalProject.a(AMux_1.o)
 .debug_abbrev  0x00000280      0x11c .\CortexM3\ARM_GCC_441\Debug\FinalProject.a(ADC_SAR_1.o)
 .debug_abbrev  0x0000039c       0x41 .\CortexM3\ARM_GCC_441\Debug\FinalProject.a(ADC_SAR_1_INT.o)
 .debug_abbrev  0x000003dd      0x118 .\CortexM3\ARM_GCC_441\Debug\FinalProject.a(LCD_Char_1.o)
 .debug_abbrev  0x000004f5       0xdf .\CortexM3\ARM_GCC_441\Debug\FinalProject.a(VDAC8_1.o)
 .debug_abbrev  0x000005d4       0xcf .\CortexM3\ARM_GCC_441\Debug\FinalProject.a(ADC_SAR_1_theACLK.o)
 .debug_abbrev  0x000006a3       0x14 .\CortexM3\ARM_GCC_441\Debug\FinalProject.a(CyBootAsmGnu.o)
 .debug_abbrev  0x000006b7      0x182 .\CortexM3\ARM_GCC_441\Debug\FinalProject.a(CyLib.o)
 .debug_abbrev  0x00000839      0x13e .\CortexM3\ARM_GCC_441\Debug\FinalProject.a(cyPm.o)
 .debug_abbrev  0x00000977       0xef .\CortexM3\ARM_GCC_441\Debug\FinalProject.a(Counter_1.o)
 .debug_abbrev  0x00000a66       0x76 .\CortexM3\ARM_GCC_441\Debug\FinalProject.a(Control_Reg_1.o)
 .debug_abbrev  0x00000adc      0x16d .\CortexM3\ARM_GCC_441\Debug\FinalProject.a(cyfitter_cfg.o)
 .debug_abbrev  0x00000c49      0x14a .\CortexM3\ARM_GCC_441\Debug\FinalProject.a(CyFlash.o)
 .debug_abbrev  0x00000d93      0x10e .\CortexM3\ARM_GCC_441\Debug\FinalProject.a(CySpc.o)

.debug_line     0x00000000     0x1aec
 *(.debug_line)
 .debug_line    0x00000000      0x10f .\CortexM3\ARM_GCC_441\Debug\main.o
 .debug_line    0x0000010f       0xb8 .\CortexM3\ARM_GCC_441\Debug\Cm3Start.o
 .debug_line    0x000001c7       0xa8 .\CortexM3\ARM_GCC_441\Debug\FinalProject.a(AMux_1.o)
 .debug_line    0x0000026f      0x1f8 .\CortexM3\ARM_GCC_441\Debug\FinalProject.a(ADC_SAR_1.o)
 .debug_line    0x00000467       0x5b .\CortexM3\ARM_GCC_441\Debug\FinalProject.a(ADC_SAR_1_INT.o)
 .debug_line    0x000004c2      0x1e0 .\CortexM3\ARM_GCC_441\Debug\FinalProject.a(LCD_Char_1.o)
 .debug_line    0x000006a2      0x120 .\CortexM3\ARM_GCC_441\Debug\FinalProject.a(VDAC8_1.o)
 .debug_line    0x000007c2      0x18c .\CortexM3\ARM_GCC_441\Debug\FinalProject.a(ADC_SAR_1_theACLK.o)
 .debug_line    0x0000094e       0x67 .\CortexM3\ARM_GCC_441\Debug\FinalProject.a(CyBootAsmGnu.o)
 .debug_line    0x000009b5      0x5c7 .\CortexM3\ARM_GCC_441\Debug\FinalProject.a(CyLib.o)
 .debug_line    0x00000f7c      0x3f2 .\CortexM3\ARM_GCC_441\Debug\FinalProject.a(cyPm.o)
 .debug_line    0x0000136e      0x1a5 .\CortexM3\ARM_GCC_441\Debug\FinalProject.a(Counter_1.o)
 .debug_line    0x00001513       0x92 .\CortexM3\ARM_GCC_441\Debug\FinalProject.a(Control_Reg_1.o)
 .debug_line    0x000015a5      0x251 .\CortexM3\ARM_GCC_441\Debug\FinalProject.a(cyfitter_cfg.o)
 .debug_line    0x000017f6      0x170 .\CortexM3\ARM_GCC_441\Debug\FinalProject.a(CyFlash.o)
 .debug_line    0x00001966      0x186 .\CortexM3\ARM_GCC_441\Debug\FinalProject.a(CySpc.o)

.debug_frame    0x00000000     0x1828
 *(.debug_frame)
 .debug_frame   0x00000000       0x90 .\CortexM3\ARM_GCC_441\Debug\main.o
 .debug_frame   0x00000090       0x5c .\CortexM3\ARM_GCC_441\Debug\Cm3Start.o
 .debug_frame   0x000000ec       0x6c .\CortexM3\ARM_GCC_441\Debug\FinalProject.a(AMux_1.o)
 .debug_frame   0x00000158      0x208 .\CortexM3\ARM_GCC_441\Debug\FinalProject.a(ADC_SAR_1.o)
 .debug_frame   0x00000360       0x2c .\CortexM3\ARM_GCC_441\Debug\FinalProject.a(ADC_SAR_1_INT.o)
 .debug_frame   0x0000038c      0x1e0 .\CortexM3\ARM_GCC_441\Debug\FinalProject.a(LCD_Char_1.o)
 .debug_frame   0x0000056c       0xf8 .\CortexM3\ARM_GCC_441\Debug\FinalProject.a(VDAC8_1.o)
 .debug_frame   0x00000664      0x168 .\CortexM3\ARM_GCC_441\Debug\FinalProject.a(ADC_SAR_1_theACLK.o)
 .debug_frame   0x000007cc      0x6b8 .\CortexM3\ARM_GCC_441\Debug\FinalProject.a(CyLib.o)
 .debug_frame   0x00000e84      0x25c .\CortexM3\ARM_GCC_441\Debug\FinalProject.a(cyPm.o)
 .debug_frame   0x000010e0      0x1d4 .\CortexM3\ARM_GCC_441\Debug\FinalProject.a(Counter_1.o)
 .debug_frame   0x000012b4       0x48 .\CortexM3\ARM_GCC_441\Debug\FinalProject.a(Control_Reg_1.o)
 .debug_frame   0x000012fc      0x190 .\CortexM3\ARM_GCC_441\Debug\FinalProject.a(cyfitter_cfg.o)
 .debug_frame   0x0000148c      0x140 .\CortexM3\ARM_GCC_441\Debug\FinalProject.a(CyFlash.o)
 .debug_frame   0x000015cc      0x13c .\CortexM3\ARM_GCC_441\Debug\FinalProject.a(CySpc.o)
 .debug_frame   0x00001708       0x38 c:/program files (x86)/cypress/psoc creator/2.2/psoc creator/import/gnu_cs/arm/4.4.1/bin/../lib/gcc/arm-none-eabi/4.4.1/../../../../arm-none-eabi/lib/thumb2\libm.a(lib_a-s_atan.o)
 .debug_frame   0x00001740       0x20 c:/program files (x86)/cypress/psoc creator/2.2/psoc creator/import/gnu_cs/arm/4.4.1/bin/../lib/gcc/arm-none-eabi/4.4.1/../../../../arm-none-eabi/lib/thumb2\libm.a(lib_a-s_fabs.o)
 .debug_frame   0x00001760       0x34 c:/program files (x86)/cypress/psoc creator/2.2/psoc creator/import/gnu_cs/arm/4.4.1/bin/../lib/gcc/arm-none-eabi/4.4.1/../../../../arm-none-eabi/lib/thumb2\libc.a(lib_a-memcpy.o)
 .debug_frame   0x00001794       0x28 c:/program files (x86)/cypress/psoc creator/2.2/psoc creator/import/gnu_cs/arm/4.4.1/bin/../lib/gcc/arm-none-eabi/4.4.1/../../../../arm-none-eabi/lib/thumb2\libc.a(lib_a-memset.o)
 .debug_frame   0x000017bc       0x40 c:/program files (x86)/cypress/psoc creator/2.2/psoc creator/import/gnu_cs/arm/4.4.1/bin/../lib/gcc/arm-none-eabi/4.4.1/../../../../arm-none-eabi/lib/thumb2\libcs3.a(start_c.o)
 .debug_frame   0x000017fc       0x2c c:/program files (x86)/cypress/psoc creator/2.2/psoc creator/import/gnu_cs/arm/4.4.1/bin/../lib/gcc/arm-none-eabi/4.4.1/../../../../arm-none-eabi/lib/thumb2\libc.a(lib_a-init.o)

.debug_str      0x00000000     0x1979
 *(.debug_str)
 .debug_str     0x00000000      0x126 .\CortexM3\ARM_GCC_441\Debug\main.o
                                0x166 (size before relaxing)
 .debug_str     0x00000126       0xdd .\CortexM3\ARM_GCC_441\Debug\Cm3Start.o
                                0x18b (size before relaxing)
 .debug_str     0x00000203       0x71 .\CortexM3\ARM_GCC_441\Debug\FinalProject.a(AMux_1.o)
                                0x166 (size before relaxing)
 .debug_str     0x00000274      0x22d .\CortexM3\ARM_GCC_441\Debug\FinalProject.a(ADC_SAR_1.o)
                                0x363 (size before relaxing)
 .debug_str     0x000004a1       0x37 .\CortexM3\ARM_GCC_441\Debug\FinalProject.a(ADC_SAR_1_INT.o)
                                0x121 (size before relaxing)
 .debug_str     0x000004d8      0x1ec .\CortexM3\ARM_GCC_441\Debug\FinalProject.a(LCD_Char_1.o)
                                0x2e9 (size before relaxing)
 .debug_str     0x000006c4      0x113 .\CortexM3\ARM_GCC_441\Debug\FinalProject.a(VDAC8_1.o)
                                0x215 (size before relaxing)
 .debug_str     0x000007d7      0x21d .\CortexM3\ARM_GCC_441\Debug\FinalProject.a(ADC_SAR_1_theACLK.o)
                                0x314 (size before relaxing)
 .debug_str     0x000009f4      0x593 .\CortexM3\ARM_GCC_441\Debug\FinalProject.a(CyLib.o)
                                0x6ea (size before relaxing)
 .debug_str     0x00000f87      0x3bd .\CortexM3\ARM_GCC_441\Debug\FinalProject.a(cyPm.o)
                                0x4c8 (size before relaxing)
 .debug_str     0x00001344      0x1e6 .\CortexM3\ARM_GCC_441\Debug\FinalProject.a(Counter_1.o)
                                0x2dd (size before relaxing)
 .debug_str     0x0000152a       0x50 .\CortexM3\ARM_GCC_441\Debug\FinalProject.a(Control_Reg_1.o)
                                0x148 (size before relaxing)
 .debug_str     0x0000157a      0x1e7 .\CortexM3\ARM_GCC_441\Debug\FinalProject.a(cyfitter_cfg.o)
                                0x310 (size before relaxing)
 .debug_str     0x00001761      0x113 .\CortexM3\ARM_GCC_441\Debug\FinalProject.a(CyFlash.o)
                                0x23c (size before relaxing)
 .debug_str     0x00001874      0x105 .\CortexM3\ARM_GCC_441\Debug\FinalProject.a(CySpc.o)
                                0x22f (size before relaxing)

.debug_loc      0x00000000     0x258a
 *(.debug_loc)
 .debug_loc     0x00000000       0xd0 .\CortexM3\ARM_GCC_441\Debug\main.o
 .debug_loc     0x000000d0       0x62 .\CortexM3\ARM_GCC_441\Debug\Cm3Start.o
 .debug_loc     0x00000132       0x99 .\CortexM3\ARM_GCC_441\Debug\FinalProject.a(AMux_1.o)
 .debug_loc     0x000001cb      0x377 .\CortexM3\ARM_GCC_441\Debug\FinalProject.a(ADC_SAR_1.o)
 .debug_loc     0x00000542       0x2b .\CortexM3\ARM_GCC_441\Debug\FinalProject.a(ADC_SAR_1_INT.o)
 .debug_loc     0x0000056d      0x309 .\CortexM3\ARM_GCC_441\Debug\FinalProject.a(LCD_Char_1.o)
 .debug_loc     0x00000876      0x188 .\CortexM3\ARM_GCC_441\Debug\FinalProject.a(VDAC8_1.o)
 .debug_loc     0x000009fe      0x24c .\CortexM3\ARM_GCC_441\Debug\FinalProject.a(ADC_SAR_1_theACLK.o)
 .debug_loc     0x00000c4a      0xb67 .\CortexM3\ARM_GCC_441\Debug\FinalProject.a(CyLib.o)
 .debug_loc     0x000017b1      0x3b0 .\CortexM3\ARM_GCC_441\Debug\FinalProject.a(cyPm.o)
 .debug_loc     0x00001b61      0x2f8 .\CortexM3\ARM_GCC_441\Debug\FinalProject.a(Counter_1.o)
 .debug_loc     0x00001e59       0x62 .\CortexM3\ARM_GCC_441\Debug\FinalProject.a(Control_Reg_1.o)
 .debug_loc     0x00001ebb      0x2b3 .\CortexM3\ARM_GCC_441\Debug\FinalProject.a(cyfitter_cfg.o)
 .debug_loc     0x0000216e      0x1f6 .\CortexM3\ARM_GCC_441\Debug\FinalProject.a(CyFlash.o)
 .debug_loc     0x00002364      0x226 .\CortexM3\ARM_GCC_441\Debug\FinalProject.a(CySpc.o)

.debug_macinfo
 *(.debug_macinfo)

.debug_ranges   0x00000000      0x6e8
 *(.debug_ranges)
 .debug_ranges  0x00000000       0x30 .\CortexM3\ARM_GCC_441\Debug\main.o
 .debug_ranges  0x00000030       0x28 .\CortexM3\ARM_GCC_441\Debug\Cm3Start.o
 .debug_ranges  0x00000058       0x28 .\CortexM3\ARM_GCC_441\Debug\FinalProject.a(AMux_1.o)
 .debug_ranges  0x00000080       0x98 .\CortexM3\ARM_GCC_441\Debug\FinalProject.a(ADC_SAR_1.o)
 .debug_ranges  0x00000118       0x18 .\CortexM3\ARM_GCC_441\Debug\FinalProject.a(ADC_SAR_1_INT.o)
 .debug_ranges  0x00000130       0x88 .\CortexM3\ARM_GCC_441\Debug\FinalProject.a(LCD_Char_1.o)
 .debug_ranges  0x000001b8       0x50 .\CortexM3\ARM_GCC_441\Debug\FinalProject.a(VDAC8_1.o)
 .debug_ranges  0x00000208       0x70 .\CortexM3\ARM_GCC_441\Debug\FinalProject.a(ADC_SAR_1_theACLK.o)
 .debug_ranges  0x00000278      0x1d8 .\CortexM3\ARM_GCC_441\Debug\FinalProject.a(CyLib.o)
 .debug_ranges  0x00000450       0xb0 .\CortexM3\ARM_GCC_441\Debug\FinalProject.a(cyPm.o)
 .debug_ranges  0x00000500       0x90 .\CortexM3\ARM_GCC_441\Debug\FinalProject.a(Counter_1.o)
 .debug_ranges  0x00000590       0x20 .\CortexM3\ARM_GCC_441\Debug\FinalProject.a(Control_Reg_1.o)
 .debug_ranges  0x000005b0       0x78 .\CortexM3\ARM_GCC_441\Debug\FinalProject.a(cyfitter_cfg.o)
 .debug_ranges  0x00000628       0x60 .\CortexM3\ARM_GCC_441\Debug\FinalProject.a(CyFlash.o)
 .debug_ranges  0x00000688       0x60 .\CortexM3\ARM_GCC_441\Debug\FinalProject.a(CySpc.o)

.debug_weaknames
 *(.debug_weaknames)

.debug_funcnames
 *(.debug_funcnames)

.debug_typenames
 *(.debug_typenames)

.debug_varnames
 *(.debug_varnames)

.note.gnu.arm.ident
 *(.note.gnu.arm.ident)

.ARM.attributes
                0x00000000       0x25
 *(.ARM.attributes)
 .ARM.attributes
                0x00000000       0x19 c:/program files (x86)/cypress/psoc creator/2.2/psoc creator/import/gnu_cs/arm/4.4.1/bin/../lib/gcc/arm-none-eabi/4.4.1/thumb2/crti.o
 .ARM.attributes
                0x00000019       0x29 c:/program files (x86)/cypress/psoc creator/2.2/psoc creator/import/gnu_cs/arm/4.4.1/bin/../lib/gcc/arm-none-eabi/4.4.1/thumb2/crtbegin.o
 .ARM.attributes
                0x00000042       0x31 .\CortexM3\ARM_GCC_441\Debug\main.o
 .ARM.attributes
                0x00000073       0x31 .\CortexM3\ARM_GCC_441\Debug\Cm3Start.o
 .ARM.attributes
                0x000000a4       0x31 .\CortexM3\ARM_GCC_441\Debug\FinalProject.a(AMux_1.o)
 .ARM.attributes
                0x000000d5       0x31 .\CortexM3\ARM_GCC_441\Debug\FinalProject.a(ADC_SAR_1.o)
 .ARM.attributes
                0x00000106       0x31 .\CortexM3\ARM_GCC_441\Debug\FinalProject.a(ADC_SAR_1_INT.o)
 .ARM.attributes
                0x00000137       0x31 .\CortexM3\ARM_GCC_441\Debug\FinalProject.a(LCD_Char_1.o)
 .ARM.attributes
                0x00000168       0x31 .\CortexM3\ARM_GCC_441\Debug\FinalProject.a(VDAC8_1.o)
 .ARM.attributes
                0x00000199       0x31 .\CortexM3\ARM_GCC_441\Debug\FinalProject.a(ADC_SAR_1_theACLK.o)
 .ARM.attributes
                0x000001ca       0x21 .\CortexM3\ARM_GCC_441\Debug\FinalProject.a(CyBootAsmGnu.o)
 .ARM.attributes
                0x000001eb       0x31 .\CortexM3\ARM_GCC_441\Debug\FinalProject.a(CyLib.o)
 .ARM.attributes
                0x0000021c       0x31 .\CortexM3\ARM_GCC_441\Debug\FinalProject.a(cyPm.o)
 .ARM.attributes
                0x0000024d       0x31 .\CortexM3\ARM_GCC_441\Debug\FinalProject.a(Counter_1.o)
 .ARM.attributes
                0x0000027e       0x31 .\CortexM3\ARM_GCC_441\Debug\FinalProject.a(Control_Reg_1.o)
 .ARM.attributes
                0x000002af       0x31 .\CortexM3\ARM_GCC_441\Debug\FinalProject.a(cyfitter_cfg.o)
 .ARM.attributes
                0x000002e0       0x31 .\CortexM3\ARM_GCC_441\Debug\FinalProject.a(CyFlash.o)
 .ARM.attributes
                0x00000311       0x31 .\CortexM3\ARM_GCC_441\Debug\FinalProject.a(CySpc.o)
 .ARM.attributes
                0x00000342       0x29 c:/program files (x86)/cypress/psoc creator/2.2/psoc creator/import/gnu_cs/arm/4.4.1/bin/../lib/gcc/arm-none-eabi/4.4.1/../../../../arm-none-eabi/lib/thumb2\libm.a(lib_a-s_atan.o)
 .ARM.attributes
                0x0000036b       0x29 c:/program files (x86)/cypress/psoc creator/2.2/psoc creator/import/gnu_cs/arm/4.4.1/bin/../lib/gcc/arm-none-eabi/4.4.1/../../../../arm-none-eabi/lib/thumb2\libm.a(lib_a-s_fabs.o)
 .ARM.attributes
                0x00000394       0x1b c:/program files (x86)/cypress/psoc creator/2.2/psoc creator/import/gnu_cs/arm/4.4.1/bin/../lib/gcc/arm-none-eabi/4.4.1/thumb2\libgcc.a(_arm_addsubdf3.o)
 .ARM.attributes
                0x000003af       0x1b c:/program files (x86)/cypress/psoc creator/2.2/psoc creator/import/gnu_cs/arm/4.4.1/bin/../lib/gcc/arm-none-eabi/4.4.1/thumb2\libgcc.a(_arm_muldivdf3.o)
 .ARM.attributes
                0x000003ca       0x1b c:/program files (x86)/cypress/psoc creator/2.2/psoc creator/import/gnu_cs/arm/4.4.1/bin/../lib/gcc/arm-none-eabi/4.4.1/thumb2\libgcc.a(_arm_cmpdf2.o)
 .ARM.attributes
                0x000003e5       0x1b c:/program files (x86)/cypress/psoc creator/2.2/psoc creator/import/gnu_cs/arm/4.4.1/bin/../lib/gcc/arm-none-eabi/4.4.1/thumb2\libgcc.a(_arm_truncdfsf2.o)
 .ARM.attributes
                0x00000400       0x1b c:/program files (x86)/cypress/psoc creator/2.2/psoc creator/import/gnu_cs/arm/4.4.1/bin/../lib/gcc/arm-none-eabi/4.4.1/thumb2\libgcc.a(_arm_addsubsf3.o)
 .ARM.attributes
                0x0000041b       0x1b c:/program files (x86)/cypress/psoc creator/2.2/psoc creator/import/gnu_cs/arm/4.4.1/bin/../lib/gcc/arm-none-eabi/4.4.1/thumb2\libgcc.a(_arm_muldivsf3.o)
 .ARM.attributes
                0x00000436       0x1b c:/program files (x86)/cypress/psoc creator/2.2/psoc creator/import/gnu_cs/arm/4.4.1/bin/../lib/gcc/arm-none-eabi/4.4.1/thumb2\libgcc.a(_arm_fixunssfsi.o)
 .ARM.attributes
                0x00000451       0x29 c:/program files (x86)/cypress/psoc creator/2.2/psoc creator/import/gnu_cs/arm/4.4.1/bin/../lib/gcc/arm-none-eabi/4.4.1/../../../../arm-none-eabi/lib/thumb2\libc.a(lib_a-memcpy.o)
 .ARM.attributes
                0x0000047a       0x29 c:/program files (x86)/cypress/psoc creator/2.2/psoc creator/import/gnu_cs/arm/4.4.1/bin/../lib/gcc/arm-none-eabi/4.4.1/../../../../arm-none-eabi/lib/thumb2\libc.a(lib_a-memset.o)
 .ARM.attributes
                0x000004a3       0x29 c:/program files (x86)/cypress/psoc creator/2.2/psoc creator/import/gnu_cs/arm/4.4.1/bin/../lib/gcc/arm-none-eabi/4.4.1/thumb2/crtend.o
 .ARM.attributes
                0x000004cc       0x19 c:/program files (x86)/cypress/psoc creator/2.2/psoc creator/import/gnu_cs/arm/4.4.1/bin/../lib/gcc/arm-none-eabi/4.4.1/thumb2/crtn.o
 .ARM.attributes
                0x000004e5       0x29 c:/program files (x86)/cypress/psoc creator/2.2/psoc creator/import/gnu_cs/arm/4.4.1/bin/../lib/gcc/arm-none-eabi/4.4.1/../../../../arm-none-eabi/lib/thumb2\libcs3.a(start_c.o)
 .ARM.attributes
                0x0000050e       0x19 c:/program files (x86)/cypress/psoc creator/2.2/psoc creator/import/gnu_cs/arm/4.4.1/bin/../lib/gcc/arm-none-eabi/4.4.1/../../../../arm-none-eabi/lib/thumb2\libcs3micro.a(micro_isr_interrupt.o)
 .ARM.attributes
                0x00000527       0x29 c:/program files (x86)/cypress/psoc creator/2.2/psoc creator/import/gnu_cs/arm/4.4.1/bin/../lib/gcc/arm-none-eabi/4.4.1/../../../../arm-none-eabi/lib/thumb2\libc.a(lib_a-init.o)

/DISCARD/
 *(.note.GNU-stack)
OUTPUT(.\CortexM3\ARM_GCC_441\Debug\FinalProject.elf elf32-littlearm)
